I20230322 13:28:10.897285    33 AsyncSocket.cpp:2328] AsyncSocket::performReadInternal() this=0x7ffff84a2400, iovs=0x7ffff17c8240, num=1
I20230322 13:28:10.898296    33 AsyncSocket.cpp:2711] this=0x7ffff84a2400, AsyncSocket::handleRead() got 41 bytes
I20230322 13:28:10.899247    33 MetaClient.cpp:2680] Metad last update time: 0
I20230322 13:28:20.906615    35 MetaClient.cpp:2662] Send heartbeat to "metad0":9559, clusterId 0
I20230322 13:28:20.907236    34 ThriftClientManager-inl.h:47] Getting a client to "metad0":9559
I20230322 13:28:20.907622    34 MetaClient.cpp:730] Send request to meta "metad0":9559
I20230322 13:28:20.910238    34 AsyncSocket.cpp:2416] AsyncSocket::handleErrMessages() this=0x7ffff8028400, fd=folly::NetworkSocket(56), state=2
I20230322 13:28:20.910655    34 AsyncSocket.cpp:2638] AsyncSocket::handleRead() this=0x7ffff8028400, fd=folly::NetworkSocket(56), state=2
I20230322 13:28:20.911103    34 AsyncSocket.cpp:2680] prepareReadBuffer() buf=0x7ffff802b140, buflen=288
I20230322 13:28:20.911473    34 AsyncSocket.cpp:2328] AsyncSocket::performReadInternal() this=0x7ffff8028400, iovs=0x7ffff0fc7240, num=1
I20230322 13:28:20.911944    34 AsyncSocket.cpp:2711] this=0x7ffff8028400, AsyncSocket::handleRead() got 41 bytes
I20230322 13:28:20.912314    34 MetaClient.cpp:2680] Metad last update time: 0
I20230322 13:28:27.370304    10 AsyncSocket.cpp:577] new AsyncSocket(0x7ffffc035000, evb=0x7ffffc009000, fd=folly::NetworkSocket(86), zeroCopyBufId=0)
I20230322 13:28:27.370980    10 HTTPSessionAcceptor.cpp:94] Created new  session for peer 172.25.0.2:44876
I20230322 13:28:27.371471    10 HTTPSession.cpp:2891] proto=http/1.1, UA=, downstream=172.25.0.2:44876, 172.25.0.2:19669=local: resuming reads
I20230322 13:28:27.371836    10 HTTPSession.cpp:2164] proto=http/1.1, UA=, downstream=172.25.0.2:44876, 172.25.0.2:19669=local in loop callback
I20230322 13:28:27.372149    10 AsyncSocket.cpp:3412] AsyncSocket::updateEventRegistration(this=0x7ffffc035000, fd=folly::NetworkSocket(86), evb=0x7ffffc009000, state=2, events=2
I20230322 13:28:27.372550    10 AsyncSocket.cpp:2416] AsyncSocket::handleErrMessages() this=0x7ffffc035000, fd=folly::NetworkSocket(86), state=2
I20230322 13:28:27.372867    10 AsyncSocket.cpp:2638] AsyncSocket::handleRead() this=0x7ffffc035000, fd=folly::NetworkSocket(86), state=2
I20230322 13:28:27.373170    10 AsyncSocket.cpp:2680] prepareReadBuffer() buf=0x7ffffc042000, buflen=4064
I20230322 13:28:27.373484    10 AsyncSocket.cpp:2328] AsyncSocket::performReadInternal() this=0x7ffffc035000, iovs=0x7ffffcdf5240, num=1
I20230322 13:28:27.373750    10 AsyncSocket.cpp:2711] this=0x7ffffc035000, AsyncSocket::handleRead() got 87 bytes
I20230322 13:28:27.373997    10 HTTPSession.cpp:690] processing new msg streamID=1 proto=http/1.1, UA=, downstream=172.25.0.2:44876, 172.25.0.2:19669=local
I20230322 13:28:27.374249    10 HTTP2PriorityQueue.cpp:512] Adding id=1 with parent=0 and weight=16
I20230322 13:28:27.374514    10 HTTPSession.cpp:2699] proto=http/1.1, UA=, downstream=172.25.0.2:44876, 172.25.0.2:19669=local adding streamID=1, liveTransactions_ was 0
I20230322 13:28:27.374761    10 HTTPSession.cpp:839] processing ingress headers complete for proto=http/1.1, UA=curl/7.68.0, downstream=172.25.0.2:44876, 172.25.0.2:19669=local, streamID=1
I20230322 13:28:27.375015    10 HTTPDownstreamSession.cpp:30] setupOnHeadersComplete txn=0x7ffffc00f608, id=1, handlder=0, msg=0x7ffffc009280
I20230322 13:28:27.375555    10 HTTPSession.cpp:980] processing ingress message complete for proto=http/1.1, UA=curl/7.68.0, downstream=172.25.0.2:44876, 172.25.0.2:19669=local, streamID=1
I20230322 13:28:27.375792    10 HTTPTransaction.cpp:503] ingress EOM on proto=http/1.1, UA=curl/7.68.0, downstream=172.25.0.2:44876, 172.25.0.2:19669=local, streamID=1
I20230322 13:28:27.376078    10 HTTPSession.cpp:1591] proto=http/1.1, UA=curl/7.68.0, downstream=172.25.0.2:44876, 172.25.0.2:19669=local sending headers, size=0, uncompressedSize=100
I20230322 13:28:27.376281    10 HTTPSession.cpp:2248] proto=http/1.1, UA=curl/7.68.0, downstream=172.25.0.2:44876, 172.25.0.2:19669=local scheduling write callback
I20230322 13:28:27.376530    10 HTTPSessionBase.cpp:147] notifyEgressBodyBuffered pwsd=45
I20230322 13:28:27.376807    10 HTTPTransaction.cpp:1331] Queued egress EOM on proto=http/1.1, UA=curl/7.68.0, downstream=172.25.0.2:44876, 172.25.0.2:19669=local, streamID=1
I20230322 13:28:27.377048    10 HTTPTransaction.cpp:1519] transaction already egress complete, not updating pause state proto=http/1.1, UA=curl/7.68.0, downstream=172.25.0.2:44876, 172.25.0.2:19669=local, streamID=1
I20230322 13:28:27.377336    10 HTTPSession.cpp:2164] proto=http/1.1, UA=curl/7.68.0, downstream=172.25.0.2:44876, 172.25.0.2:19669=local in loop callback
I20230322 13:28:27.377590    10 HTTPSession.cpp:2104] proto=http/1.1, UA=curl/7.68.0, downstream=172.25.0.2:44876, 172.25.0.2:19669=local egressing txnID=1 allowed=65536
I20230322 13:28:27.377869    10 HTTPTransaction.cpp:1247] Sending 45 bytes of body. eom=yes send_window is None trailers=no proto=http/1.1, UA=curl/7.68.0, downstream=172.25.0.2:44876, 172.25.0.2:19669=local, streamID=1
I20230322 13:28:27.378196    10 HTTPSessionBase.cpp:147] notifyEgressBodyBuffered pwsd=-45
I20230322 13:28:27.378469    10 HTTPSession.cpp:1639] proto=http/1.1, UA=curl/7.68.0, downstream=172.25.0.2:44876, 172.25.0.2:19669=local sending EOM in body for streamID=1
I20230322 13:28:27.378733    10 ByteEventTracker.cpp:93]  adding last byte event for 145
I20230322 13:28:27.379050    10 HTTPSessionBase.cpp:147] notifyEgressBodyBuffered pwsd=-45
I20230322 13:28:27.379293    10 HTTPTransaction.cpp:1519] transaction already egress complete, not updating pause state proto=http/1.1, UA=curl/7.68.0, downstream=172.25.0.2:44876, 172.25.0.2:19669=local, streamID=1
I20230322 13:28:27.379578    10 HTTPSession.cpp:2211] proto=http/1.1, UA=curl/7.68.0, downstream=172.25.0.2:44876, 172.25.0.2:19669=local writing 145, activeWrites=1 cork:0 timestampTx:0 timestampAck:0
I20230322 13:28:27.379882    10 HTTPSession.cpp:2745] total bytesWritten_: 145
I20230322 13:28:27.380113    10 ByteEventTracker.cpp:72]  removing ByteEvent (FIRST_HEADER_BYTE, 100)
I20230322 13:28:27.380386    10 ByteEventTracker.cpp:72]  removing ByteEvent (FIRST_BYTE, 101)
I20230322 13:28:27.380584    10 ByteEventTracker.cpp:72]  removing ByteEvent (LAST_BYTE, 145)
I20230322 13:28:27.380795    10 HTTPTransaction.cpp:151] destroying transaction proto=http/1.1, UA=curl/7.68.0, downstream=172.25.0.2:44876, 172.25.0.2:19669=local, streamID=1
I20230322 13:28:27.381088    10 HTTPSession.cpp:1886] proto=http/1.1, UA=curl/7.68.0, downstream=172.25.0.2:44876, 172.25.0.2:19669=local removing streamID=1, liveTransactions was 1
I20230322 13:28:27.381350    10 HTTP2PriorityQueue.cpp:588] Deleting dangling node over max id=1
I20230322 13:28:27.383272    10 AsyncSocket.cpp:2416] AsyncSocket::handleErrMessages() this=0x7ffffc035000, fd=folly::NetworkSocket(86), state=2
I20230322 13:28:27.383508    10 AsyncSocket.cpp:2638] AsyncSocket::handleRead() this=0x7ffffc035000, fd=folly::NetworkSocket(86), state=2
I20230322 13:28:27.383800    10 AsyncSocket.cpp:2680] prepareReadBuffer() buf=0x7ffffc042000, buflen=4064
I20230322 13:28:27.384048    10 AsyncSocket.cpp:2328] AsyncSocket::performReadInternal() this=0x7ffffc035000, iovs=0x7ffffcdf5240, num=1
I20230322 13:28:27.384289    10 AsyncSocket.cpp:2711] this=0x7ffffc035000, AsyncSocket::handleRead() got 0 bytes
I20230322 13:28:27.384799    10 AsyncSocket.cpp:3412] AsyncSocket::updateEventRegistration(this=0x7ffffc035000, fd=folly::NetworkSocket(86), evb=0x7ffffc009000, state=2, events=0
I20230322 13:28:27.385092    10 HTTPSession.cpp:543] EOF on proto=http/1.1, UA=curl/7.68.0, downstream=172.25.0.2:44876, 172.25.0.2:19669=local
I20230322 13:28:27.385397    10 HTTPSession.cpp:2273] shutdown request for proto=http/1.1, UA=curl/7.68.0, downstream=172.25.0.2:44876, 172.25.0.2:19669=local: reads=1 (currently 0), writes=1 (currently 0)
I20230322 13:28:27.385669    10 HTTPSession.cpp:2323] proto=http/1.1, UA=curl/7.68.0, downstream=172.25.0.2:44876, 172.25.0.2:19669=local writes drained, closing
I20230322 13:28:27.385917    10 AsyncSocket.cpp:1827] AsyncSocket::shutdownWriteNow(): this=0x7ffffc035000, fd=folly::NetworkSocket(86), state=2, shutdownFlags=4
I20230322 13:28:27.386152    10 AsyncSocket.cpp:1721] AsyncSocket::closeNow(): this=0x7ffffc035000, fd_=folly::NetworkSocket(86), state=2, shutdownFlags=4
I20230322 13:28:27.386415    10 AsyncSocket.cpp:3692] AsyncSocket(this=0x7ffffc035000, fd=folly::NetworkSocket(-1)): connect err invoked with ex: AsyncSocketException: socket closed locally, type = End of file
I20230322 13:28:27.386677    10 HTTPSession.cpp:2446] destroying proto=http/1.1, UA=curl/7.68.0, downstream=172.25.0.2:44876, 172.25.0.2:19669=local
I20230322 13:28:27.386956    10 AsyncSocket.cpp:1721] AsyncSocket::closeNow(): this=0x7ffffc035000, fd_=folly::NetworkSocket(-1), state=3, shutdownFlags=6
I20230322 13:28:27.387223    10 HTTPSession.cpp:233] proto=http/1.1, UA=curl/7.68.0, downstream=172.25.0.2:44876, 172.25.0.2:19669=local closing
I20230322 13:28:27.387498    10 AsyncSocket.cpp:650] AsyncSocket::destroy(this=0x7ffffc035000, evb=0x7ffffc009000, fd=folly::NetworkSocket(-1), state=3
I20230322 13:28:27.387720    10 AsyncSocket.cpp:1721] AsyncSocket::closeNow(): this=0x7ffffc035000, fd_=folly::NetworkSocket(-1), state=3, shutdownFlags=6
I20230322 13:28:27.387925    10 Acceptor.cpp:476] Acceptor=0x7ffffea3be00 onEmpty()
I20230322 13:28:30.924130    35 MetaClient.cpp:2662] Send heartbeat to "metad0":9559, clusterId 0
I20230322 13:28:30.927438    31 ThriftClientManager-inl.h:47] Getting a client to "metad0":9559
I20230322 13:28:30.928992    31 MetaClient.cpp:730] Send request to meta "metad0":9559
I20230322 13:28:30.935915    31 AsyncSocket.cpp:2416] AsyncSocket::handleErrMessages() this=0x7ffff9828800, fd=folly::NetworkSocket(49), state=2
I20230322 13:28:30.937067    31 AsyncSocket.cpp:2638] AsyncSocket::handleRead() this=0x7ffff9828800, fd=folly::NetworkSocket(49), state=2
I20230322 13:28:30.937988    31 AsyncSocket.cpp:2680] prepareReadBuffer() buf=0x7ffff982d080, buflen=288
I20230322 13:28:30.938840    31 AsyncSocket.cpp:2328] AsyncSocket::performReadInternal() this=0x7ffff9828800, iovs=0x7ffff27ca240, num=1
I20230322 13:28:30.939631    31 AsyncSocket.cpp:2711] this=0x7ffff9828800, AsyncSocket::handleRead() got 41 bytes
I20230322 13:28:30.940516    31 MetaClient.cpp:2680] Metad last update time: 0
I20230322 13:28:32.571615     1 GraphDaemon.cpp:176] Signal 15(Terminated) received, stopping this server
I20230322 13:28:32.572852     1 EventBase.cpp:550] EventBase(): Received terminateLoopSoon() command.
I20230322 13:28:32.574033    38 EventBase.cpp:477] EventBase(): Done with loop.
I20230322 13:28:32.581391    33 Acceptor.cpp:460] Acceptor 0x7fffff8e2328 acceptStopped()
I20230322 13:28:32.583530    33 ConnectionManager.cpp:130] 0x7fffff86a280 initiateGracefulShutdown with nconns=0
I20230322 13:28:32.586037    33 ConnectionManager.cpp:172] Scheduling idle grace period of 29500ms
I20230322 13:28:32.582278    31 Acceptor.cpp:460] Acceptor 0x7fffff8e1928 acceptStopped()
I20230322 13:28:32.587512    31 ConnectionManager.cpp:130] 0x7fffff869e00 initiateGracefulShutdown with nconns=0
I20230322 13:28:32.587910    31 ConnectionManager.cpp:172] Scheduling idle grace period of 29500ms
I20230322 13:28:32.588272    31 ConnectionManager.cpp:213] 0x7fffff869e50 notified n=0
I20230322 13:28:32.589188    31 ConnectionManager.cpp:220] 0x7fffff869e50 finished notify_pending_shutdown
I20230322 13:28:32.589802    31 Acceptor.cpp:490] All connections drained from Acceptor=0x7fffff8e1928 in thread 0x7ffff9817280
I20230322 13:28:32.581511    32 Acceptor.cpp:460] Acceptor 0x7fffff8e1e28 acceptStopped()
I20230322 13:28:32.590972    32 ConnectionManager.cpp:130] 0x7fffff86a100 initiateGracefulShutdown with nconns=0
I20230322 13:28:32.591354    32 ConnectionManager.cpp:172] Scheduling idle grace period of 29500ms
I20230322 13:28:32.591818    32 ConnectionManager.cpp:213] 0x7fffff86a150 notified n=0
I20230322 13:28:32.592427    32 ConnectionManager.cpp:220] 0x7fffff86a150 finished notify_pending_shutdown
I20230322 13:28:32.592918    32 Acceptor.cpp:490] All connections drained from Acceptor=0x7fffff8e1e28 in thread 0x7ffff8f16280
I20230322 13:28:32.581422    34 Acceptor.cpp:460] Acceptor 0x7fffff8e2828 acceptStopped()
I20230322 13:28:32.593878    34 ConnectionManager.cpp:130] 0x7fffff86a400 initiateGracefulShutdown with nconns=0
I20230322 13:28:32.594225    34 ConnectionManager.cpp:172] Scheduling idle grace period of 29500ms
I20230322 13:28:32.595129    34 ConnectionManager.cpp:213] 0x7fffff86a450 notified n=0
I20230322 13:28:32.587126    33 ConnectionManager.cpp:213] 0x7fffff86a2d0 notified n=0
I20230322 13:28:32.596242    33 ConnectionManager.cpp:220] 0x7fffff86a2d0 finished notify_pending_shutdown
I20230322 13:28:32.598322    33 Acceptor.cpp:490] All connections drained from Acceptor=0x7fffff8e2328 in thread 0x7ffff8491280
I20230322 13:28:32.586346    38 EventBase.cpp:550] EventBase(): Received terminateLoopSoon() command.
I20230322 13:28:32.595749    34 ConnectionManager.cpp:220] 0x7fffff86a450 finished notify_pending_shutdown
I20230322 13:28:32.599871    34 Acceptor.cpp:490] All connections drained from Acceptor=0x7fffff8e2828 in thread 0x7ffff8017280
I20230322 13:28:32.599567    39 EventBase.cpp:477] EventBase(): Done with loop.
I20230322 13:28:32.601641    39 EventBase.cpp:227] EventBase(): Destroyed.
I20230322 13:28:32.604030    38 EventBase.cpp:550] EventBase(): Received terminateLoopSoon() command.
I20230322 13:28:32.605228    31 EventBase.cpp:477] EventBase(): Done with loop.
I20230322 13:28:32.605249    38 EventBase.cpp:550] EventBase(): Received terminateLoopSoon() command.
I20230322 13:28:32.606243    32 EventBase.cpp:477] EventBase(): Done with loop.
I20230322 13:28:32.605942    31 AsyncSocket.cpp:1721] AsyncSocket::closeNow(): this=0x7ffff9828800, fd_=folly::NetworkSocket(49), state=2, shutdownFlags=0
I20230322 13:28:32.607076    31 AsyncSocket.cpp:3412] AsyncSocket::updateEventRegistration(this=0x7ffff9828800, fd=folly::NetworkSocket(49), evb=0x7ffff9817280, state=3, events=0
I20230322 13:28:32.606673    32 EventBase.cpp:324] EventBase(): Starting loop.
I20230322 13:28:32.607956    32 EventBase.cpp:477] EventBase(): Done with loop.
I20230322 13:28:32.609233    32 AsyncSocket.cpp:1721] AsyncSocket::closeNow(): this=0x7ffff8f27400, fd_=folly::NetworkSocket(54), state=2, shutdownFlags=0
I20230322 13:28:32.609659    32 AsyncSocket.cpp:3412] AsyncSocket::updateEventRegistration(this=0x7ffff8f27400, fd=folly::NetworkSocket(54), evb=0x7ffff8f16280, state=3, events=0
I20230322 13:28:32.607590    31 AsyncSocket.cpp:3692] AsyncSocket(this=0x7ffff9828800, fd=folly::NetworkSocket(-1)): connect err invoked with ex: AsyncSocketException: socket closed locally, type = End of file
I20230322 13:28:32.606345    38 EventBase.cpp:550] EventBase(): Received terminateLoopSoon() command.
I20230322 13:28:32.610455    32 AsyncSocket.cpp:3692] AsyncSocket(this=0x7ffff8f27400, fd=folly::NetworkSocket(-1)): connect err invoked with ex: AsyncSocketException: socket closed locally, type = End of file
I20230322 13:28:32.612501    32 AsyncSocket.cpp:650] AsyncSocket::destroy(this=0x7ffff8f27400, evb=0x7ffff8f16280, fd=folly::NetworkSocket(-1), state=3
I20230322 13:28:32.612951    32 AsyncSocket.cpp:1721] AsyncSocket::closeNow(): this=0x7ffff8f27400, fd_=folly::NetworkSocket(-1), state=3, shutdownFlags=6
I20230322 13:28:32.611896    38 EventBase.cpp:550] EventBase(): Received terminateLoopSoon() command.
I20230322 13:28:32.611094    31 AsyncSocket.cpp:650] AsyncSocket::destroy(this=0x7ffff9828800, evb=0x7ffff9817280, fd=folly::NetworkSocket(-1), state=3
I20230322 13:28:32.614580    31 AsyncSocket.cpp:1721] AsyncSocket::closeNow(): this=0x7ffff9828800, fd_=folly::NetworkSocket(-1), state=3, shutdownFlags=6
I20230322 13:28:32.614928    31 EventBase.cpp:227] EventBase(): Destroyed.
I20230322 13:28:32.614225    34 EventBase.cpp:477] EventBase(): Done with loop.
I20230322 13:28:32.616339    34 AsyncSocket.cpp:1721] AsyncSocket::closeNow(): this=0x7ffff8028400, fd_=folly::NetworkSocket(56), state=2, shutdownFlags=0
I20230322 13:28:32.616679    34 AsyncSocket.cpp:3412] AsyncSocket::updateEventRegistration(this=0x7ffff8028400, fd=folly::NetworkSocket(56), evb=0x7ffff8017280, state=3, events=0
I20230322 13:28:32.611866    33 EventBase.cpp:477] EventBase(): Done with loop.
I20230322 13:28:32.614110    32 EventBase.cpp:227] EventBase(): Destroyed.
I20230322 13:28:32.617120    34 AsyncSocket.cpp:3692] AsyncSocket(this=0x7ffff8028400, fd=folly::NetworkSocket(-1)): connect err invoked with ex: AsyncSocketException: socket closed locally, type = End of file
I20230322 13:28:32.617995    34 AsyncSocket.cpp:650] AsyncSocket::destroy(this=0x7ffff8028400, evb=0x7ffff8017280, fd=folly::NetworkSocket(-1), state=3
I20230322 13:28:32.618309    34 AsyncSocket.cpp:1721] AsyncSocket::closeNow(): this=0x7ffff8028400, fd_=folly::NetworkSocket(-1), state=3, shutdownFlags=6
I20230322 13:28:32.618646    34 EventBase.cpp:227] EventBase(): Destroyed.
I20230322 13:28:32.617409    33 AsyncSocket.cpp:1721] AsyncSocket::closeNow(): this=0x7ffff84a2400, fd_=folly::NetworkSocket(55), state=2, shutdownFlags=0
I20230322 13:28:32.619688    33 AsyncSocket.cpp:3412] AsyncSocket::updateEventRegistration(this=0x7ffff84a2400, fd=folly::NetworkSocket(55), evb=0x7ffff8491280, state=3, events=0
I20230322 13:28:32.620110    33 AsyncSocket.cpp:3692] AsyncSocket(this=0x7ffff84a2400, fd=folly::NetworkSocket(-1)): connect err invoked with ex: AsyncSocketException: socket closed locally, type = End of file
I20230322 13:28:32.620385    33 AsyncSocket.cpp:650] AsyncSocket::destroy(this=0x7ffff84a2400, evb=0x7ffff8491280, fd=folly::NetworkSocket(-1), state=3
I20230322 13:28:32.620765    33 AsyncSocket.cpp:1721] AsyncSocket::closeNow(): this=0x7ffff84a2400, fd_=folly::NetworkSocket(-1), state=3, shutdownFlags=6
I20230322 13:28:32.621121    33 EventBase.cpp:227] EventBase(): Destroyed.
I20230322 13:28:32.621922    38 GraphServer.cpp:70] nebula-graphd on ngai_graphd:9669 has been stopped
I20230322 13:28:32.622431    38 EventBase.cpp:227] EventBase(): Destroyed.
I20230322 13:28:32.622817     1 GraphDaemon.cpp:161] The graph Daemon stopped
I20230322 13:28:32.623173     1 GraphServer.cpp:101] The graph server has been stopped
I20230322 13:28:32.627974     1 StorageClientBase-inl.h:39] Destructing StorageClientBase
I20230322 13:28:32.628692     1 ThriftClientManager.h:27] ~ThriftClientManager
I20230322 13:28:32.629968     1 MetaClient.cpp:89] ~MetaClient
I20230322 13:28:32.630926     1 ThriftClientManager.h:27] ~ThriftClientManager
I20230322 13:28:32.632153    11 Acceptor.cpp:460] Acceptor 0x7ffffea3c500 acceptStopped()
I20230322 13:28:32.632896    11 ConnectionManager.cpp:130] 0x7ffffea10f00 initiateGracefulShutdown with nconns=0
I20230322 13:28:32.633297    11 ConnectionManager.cpp:172] Scheduling idle grace period of 5000ms
I20230322 13:28:32.633754    11 ConnectionManager.cpp:213] 0x7ffffea10f50 notified n=0
I20230322 13:28:32.634308    11 ConnectionManager.cpp:220] 0x7ffffea10f50 finished notify_pending_shutdown
I20230322 13:28:32.636116    11 Acceptor.cpp:490] All connections drained from Acceptor=0x7ffffea3c500 in thread 0x7ffffb209000
I20230322 13:28:32.632201     8 Acceptor.cpp:460] Acceptor 0x7ffffea3b000 acceptStopped()
I20230322 13:28:32.636868     8 ConnectionManager.cpp:130] 0x7ffffea10a80 initiateGracefulShutdown with nconns=0
I20230322 13:28:32.637185     8 ConnectionManager.cpp:172] Scheduling idle grace period of 5000ms
I20230322 13:28:32.637794     8 ConnectionManager.cpp:213] 0x7ffffea10ad0 notified n=0
I20230322 13:28:32.638223     8 ConnectionManager.cpp:220] 0x7ffffea10ad0 finished notify_pending_shutdown
I20230322 13:28:32.638634     8 Acceptor.cpp:490] All connections drained from Acceptor=0x7ffffea3b000 in thread 0x7ffffdc0a000
I20230322 13:28:32.632155    10 Acceptor.cpp:460] Acceptor 0x7ffffea3be00 acceptStopped()
I20230322 13:28:32.639418    10 ConnectionManager.cpp:130] 0x7ffffea10d80 initiateGracefulShutdown with nconns=0
I20230322 13:28:32.639686    10 ConnectionManager.cpp:172] Scheduling idle grace period of 5000ms
I20230322 13:28:32.639906    10 ConnectionManager.cpp:213] 0x7ffffea10dd0 notified n=0
I20230322 13:28:32.640131    10 ConnectionManager.cpp:220] 0x7ffffea10dd0 finished notify_pending_shutdown
I20230322 13:28:32.641582    10 Acceptor.cpp:490] All connections drained from Acceptor=0x7ffffea3be00 in thread 0x7ffffc009000
I20230322 13:28:32.632220     1 EventBase.cpp:550] EventBase(): Received terminateLoopSoon() command.
I20230322 13:28:32.632212     9 Acceptor.cpp:460] Acceptor 0x7ffffea3b700 acceptStopped()
I20230322 13:28:32.642783     9 ConnectionManager.cpp:130] 0x7ffffea10c00 initiateGracefulShutdown with nconns=0
I20230322 13:28:32.643100     9 ConnectionManager.cpp:172] Scheduling idle grace period of 5000ms
I20230322 13:28:32.644295     9 ConnectionManager.cpp:213] 0x7ffffea10c50 notified n=0
I20230322 13:28:32.642863    12 EventBase.cpp:477] EventBase(): Done with loop.
I20230322 13:28:32.644675     9 ConnectionManager.cpp:220] 0x7ffffea10c50 finished notify_pending_shutdown
I20230322 13:28:32.645256     9 Acceptor.cpp:490] All connections drained from Acceptor=0x7ffffea3b700 in thread 0x7ffffce09000
I20230322 13:28:32.644990    12 EventBase.cpp:227] EventBase(): Destroyed.
I20230322 13:28:32.646241     1 EventBase.cpp:550] EventBase(): Received terminateLoopSoon() command.
I20230322 13:28:32.646528     1 EventBase.cpp:550] EventBase(): Received terminateLoopSoon() command.
I20230322 13:28:32.646910     9 EventBase.cpp:477] EventBase(): Done with loop.
I20230322 13:28:32.647222     9 EventBase.cpp:324] EventBase(): Starting loop.
I20230322 13:28:32.646531     8 EventBase.cpp:477] EventBase(): Done with loop.
I20230322 13:28:32.647773     8 EventBase.cpp:227] EventBase(): Destroyed.
I20230322 13:28:32.647481     9 EventBase.cpp:477] EventBase(): Done with loop.
I20230322 13:28:32.648725     9 EventBase.cpp:227] EventBase(): Destroyed.
I20230322 13:28:32.646939     1 EventBase.cpp:550] EventBase(): Received terminateLoopSoon() command.
I20230322 13:28:32.653115    10 EventBase.cpp:477] EventBase(): Done with loop.
I20230322 13:28:32.653612    10 EventBase.cpp:227] EventBase(): Destroyed.
I20230322 13:28:32.653136     1 EventBase.cpp:550] EventBase(): Received terminateLoopSoon() command.
I20230322 13:28:32.654333    11 EventBase.cpp:477] EventBase(): Done with loop.
I20230322 13:28:32.654646    11 EventBase.cpp:227] EventBase(): Destroyed.
I20230322 13:28:32.655061     1 EventBase.cpp:550] EventBase(): Received terminateLoopSoon() command.
I20230322 13:28:32.655426     7 EventBase.cpp:477] EventBase(): Done with loop.
I20230322 13:28:32.655987     7 EventBase.cpp:227] EventBase(): Destroyed.
