I20230322 13:01:00.870519     9 HTTPTransaction.cpp:1519] transaction already egress complete, not updating pause state proto=http/1.1, UA=curl/7.68.0, downstream=172.23.0.5:38612, 172.23.0.5:19669=local, streamID=1
I20230322 13:01:00.871502     9 HTTPSession.cpp:2211] proto=http/1.1, UA=curl/7.68.0, downstream=172.23.0.5:38612, 172.23.0.5:19669=local writing 145, activeWrites=1 cork:0 timestampTx:0 timestampAck:0
I20230322 13:01:00.872545     9 HTTPSession.cpp:2745] total bytesWritten_: 145
I20230322 13:01:00.873152     9 ByteEventTracker.cpp:72]  removing ByteEvent (FIRST_HEADER_BYTE, 100)
I20230322 13:01:00.874074     9 ByteEventTracker.cpp:72]  removing ByteEvent (FIRST_BYTE, 101)
I20230322 13:01:00.874550     9 ByteEventTracker.cpp:72]  removing ByteEvent (LAST_BYTE, 145)
I20230322 13:01:00.874876     9 HTTPTransaction.cpp:151] destroying transaction proto=http/1.1, UA=curl/7.68.0, downstream=172.23.0.5:38612, 172.23.0.5:19669=local, streamID=1
I20230322 13:01:00.875568     9 HTTPSession.cpp:1886] proto=http/1.1, UA=curl/7.68.0, downstream=172.23.0.5:38612, 172.23.0.5:19669=local removing streamID=1, liveTransactions was 1
I20230322 13:01:00.876238     9 HTTP2PriorityQueue.cpp:588] Deleting dangling node over max id=1
I20230322 13:01:00.877153     9 AsyncSocket.cpp:2416] AsyncSocket::handleErrMessages() this=0x7ffffdc40000, fd=folly::NetworkSocket(86), state=2
I20230322 13:01:00.877585     9 AsyncSocket.cpp:2638] AsyncSocket::handleRead() this=0x7ffffdc40000, fd=folly::NetworkSocket(86), state=2
I20230322 13:01:00.878510     9 AsyncSocket.cpp:2680] prepareReadBuffer() buf=0x7ffffdc4d000, buflen=4064
I20230322 13:01:00.878921     9 AsyncSocket.cpp:2328] AsyncSocket::performReadInternal() this=0x7ffffdc40000, iovs=0x7ffffe9f5240, num=1
I20230322 13:01:00.879328     9 AsyncSocket.cpp:2711] this=0x7ffffdc40000, AsyncSocket::handleRead() got 0 bytes
I20230322 13:01:00.879642     9 AsyncSocket.cpp:3412] AsyncSocket::updateEventRegistration(this=0x7ffffdc40000, fd=folly::NetworkSocket(86), evb=0x7ffffdc0a000, state=2, events=0
I20230322 13:01:00.880162     9 HTTPSession.cpp:543] EOF on proto=http/1.1, UA=curl/7.68.0, downstream=172.23.0.5:38612, 172.23.0.5:19669=local
I20230322 13:01:00.880671     9 HTTPSession.cpp:2273] shutdown request for proto=http/1.1, UA=curl/7.68.0, downstream=172.23.0.5:38612, 172.23.0.5:19669=local: reads=1 (currently 0), writes=1 (currently 0)
I20230322 13:01:00.881319     9 HTTPSession.cpp:2323] proto=http/1.1, UA=curl/7.68.0, downstream=172.23.0.5:38612, 172.23.0.5:19669=local writes drained, closing
I20230322 13:01:00.881875     9 AsyncSocket.cpp:1827] AsyncSocket::shutdownWriteNow(): this=0x7ffffdc40000, fd=folly::NetworkSocket(86), state=2, shutdownFlags=4
I20230322 13:01:00.882426     9 AsyncSocket.cpp:1721] AsyncSocket::closeNow(): this=0x7ffffdc40000, fd_=folly::NetworkSocket(86), state=2, shutdownFlags=4
I20230322 13:01:00.883100     9 AsyncSocket.cpp:3692] AsyncSocket(this=0x7ffffdc40000, fd=folly::NetworkSocket(-1)): connect err invoked with ex: AsyncSocketException: socket closed locally, type = End of file
I20230322 13:01:00.883805     9 HTTPSession.cpp:2446] destroying proto=http/1.1, UA=curl/7.68.0, downstream=172.23.0.5:38612, 172.23.0.5:19669=local
I20230322 13:01:00.884464     9 AsyncSocket.cpp:1721] AsyncSocket::closeNow(): this=0x7ffffdc40000, fd_=folly::NetworkSocket(-1), state=3, shutdownFlags=6
I20230322 13:01:00.886615     9 HTTPSession.cpp:233] proto=http/1.1, UA=curl/7.68.0, downstream=172.23.0.5:38612, 172.23.0.5:19669=local closing
I20230322 13:01:00.889755     9 AsyncSocket.cpp:650] AsyncSocket::destroy(this=0x7ffffdc40000, evb=0x7ffffdc0a000, fd=folly::NetworkSocket(-1), state=3
I20230322 13:01:00.892781     9 AsyncSocket.cpp:1721] AsyncSocket::closeNow(): this=0x7ffffdc40000, fd_=folly::NetworkSocket(-1), state=3, shutdownFlags=6
I20230322 13:01:00.893896     9 Acceptor.cpp:476] Acceptor=0x7ffffea3b000 onEmpty()
I20230322 13:01:09.297891    36 MetaClient.cpp:2662] Send heartbeat to "metad0":9559, clusterId 0
I20230322 13:01:09.300781    34 ThriftClientManager-inl.h:47] Getting a client to "metad0":9559
I20230322 13:01:09.303263    34 MetaClient.cpp:730] Send request to meta "metad0":9559
I20230322 13:01:09.316517    34 AsyncSocket.cpp:2416] AsyncSocket::handleErrMessages() this=0x7ffff8a21400, fd=folly::NetworkSocket(53), state=2
I20230322 13:01:09.317548    34 AsyncSocket.cpp:2638] AsyncSocket::handleRead() this=0x7ffff8a21400, fd=folly::NetworkSocket(53), state=2
I20230322 13:01:09.318481    34 AsyncSocket.cpp:2680] prepareReadBuffer() buf=0x7ffff8a24280, buflen=288
I20230322 13:01:09.319164    34 AsyncSocket.cpp:2328] AsyncSocket::performReadInternal() this=0x7ffff8a21400, iovs=0x7ffff13c8240, num=1
I20230322 13:01:09.321229    34 AsyncSocket.cpp:2711] this=0x7ffff8a21400, AsyncSocket::handleRead() got 41 bytes
I20230322 13:01:09.323889    34 MetaClient.cpp:2680] Metad last update time: 0
I20230322 13:01:19.334797    36 MetaClient.cpp:2662] Send heartbeat to "metad0":9559, clusterId 0
I20230322 13:01:19.335772    35 ThriftClientManager-inl.h:47] Getting a client to "metad0":9559
I20230322 13:01:19.336648    35 MetaClient.cpp:730] Send request to meta "metad0":9559
I20230322 13:01:19.342231    35 AsyncSocket.cpp:2416] AsyncSocket::handleErrMessages() this=0x7ffff8428400, fd=folly::NetworkSocket(54), state=2
I20230322 13:01:19.342900    35 AsyncSocket.cpp:2638] AsyncSocket::handleRead() this=0x7ffff8428400, fd=folly::NetworkSocket(54), state=2
I20230322 13:01:19.343618    35 AsyncSocket.cpp:2680] prepareReadBuffer() buf=0x7ffff842b140, buflen=288
I20230322 13:01:19.344300    35 AsyncSocket.cpp:2328] AsyncSocket::performReadInternal() this=0x7ffff8428400, iovs=0x7ffff0bc7240, num=1
I20230322 13:01:19.344954    35 AsyncSocket.cpp:2711] this=0x7ffff8428400, AsyncSocket::handleRead() got 41 bytes
I20230322 13:01:19.345652    35 MetaClient.cpp:2680] Metad last update time: 0
I20230322 13:01:29.356107    36 MetaClient.cpp:2662] Send heartbeat to "metad0":9559, clusterId 0
I20230322 13:01:29.356705    32 ThriftClientManager-inl.h:47] Getting a client to "metad0":9559
I20230322 13:01:29.357213    32 MetaClient.cpp:730] Send request to meta "metad0":9559
I20230322 13:01:29.360697    32 AsyncSocket.cpp:2416] AsyncSocket::handleErrMessages() this=0x7ffff9c28800, fd=folly::NetworkSocket(55), state=2
I20230322 13:01:29.361171    32 AsyncSocket.cpp:2638] AsyncSocket::handleRead() this=0x7ffff9c28800, fd=folly::NetworkSocket(55), state=2
I20230322 13:01:29.361632    32 AsyncSocket.cpp:2680] prepareReadBuffer() buf=0x7ffff9c2d1c0, buflen=288
I20230322 13:01:29.362098    32 AsyncSocket.cpp:2328] AsyncSocket::performReadInternal() this=0x7ffff9c28800, iovs=0x7ffff23ca240, num=1
I20230322 13:01:29.362558    32 AsyncSocket.cpp:2711] this=0x7ffff9c28800, AsyncSocket::handleRead() got 41 bytes
I20230322 13:01:29.363063    32 MetaClient.cpp:2680] Metad last update time: 0
I20230322 13:01:30.976179    10 AsyncSocket.cpp:577] new AsyncSocket(0x7ffffce2d000, evb=0x7ffffce09000, fd=folly::NetworkSocket(86), zeroCopyBufId=0)
I20230322 13:01:30.976917    10 HTTPSessionAcceptor.cpp:94] Created new  session for peer 172.23.0.5:39206
I20230322 13:01:30.977331    10 HTTPSession.cpp:2891] proto=http/1.1, UA=, downstream=172.23.0.5:39206, 172.23.0.5:19669=local: resuming reads
I20230322 13:01:30.977757    10 HTTPSession.cpp:2164] proto=http/1.1, UA=, downstream=172.23.0.5:39206, 172.23.0.5:19669=local in loop callback
I20230322 13:01:30.978211    10 AsyncSocket.cpp:3412] AsyncSocket::updateEventRegistration(this=0x7ffffce2d000, fd=folly::NetworkSocket(86), evb=0x7ffffce09000, state=2, events=2
I20230322 13:01:30.978855    10 AsyncSocket.cpp:2416] AsyncSocket::handleErrMessages() this=0x7ffffce2d000, fd=folly::NetworkSocket(86), state=2
I20230322 13:01:30.979198    10 AsyncSocket.cpp:2638] AsyncSocket::handleRead() this=0x7ffffce2d000, fd=folly::NetworkSocket(86), state=2
I20230322 13:01:30.979547    10 AsyncSocket.cpp:2680] prepareReadBuffer() buf=0x7ffffce41000, buflen=4064
I20230322 13:01:30.979867    10 AsyncSocket.cpp:2328] AsyncSocket::performReadInternal() this=0x7ffffce2d000, iovs=0x7ffffdbf5240, num=1
I20230322 13:01:30.980146    10 AsyncSocket.cpp:2711] this=0x7ffffce2d000, AsyncSocket::handleRead() got 87 bytes
I20230322 13:01:30.980468    10 HTTPSession.cpp:690] processing new msg streamID=1 proto=http/1.1, UA=, downstream=172.23.0.5:39206, 172.23.0.5:19669=local
I20230322 13:01:30.980746    10 HTTP2PriorityQueue.cpp:512] Adding id=1 with parent=0 and weight=16
I20230322 13:01:30.981050    10 HTTPSession.cpp:2699] proto=http/1.1, UA=, downstream=172.23.0.5:39206, 172.23.0.5:19669=local adding streamID=1, liveTransactions_ was 0
I20230322 13:01:30.981376    10 HTTPSession.cpp:839] processing ingress headers complete for proto=http/1.1, UA=curl/7.68.0, downstream=172.23.0.5:39206, 172.23.0.5:19669=local, streamID=1
I20230322 13:01:30.981698    10 HTTPDownstreamSession.cpp:30] setupOnHeadersComplete txn=0x7ffffce0f608, id=1, handlder=0, msg=0x7ffffce09280
I20230322 13:01:30.981989    10 HTTPSession.cpp:980] processing ingress message complete for proto=http/1.1, UA=curl/7.68.0, downstream=172.23.0.5:39206, 172.23.0.5:19669=local, streamID=1
I20230322 13:01:30.982285    10 HTTPTransaction.cpp:503] ingress EOM on proto=http/1.1, UA=curl/7.68.0, downstream=172.23.0.5:39206, 172.23.0.5:19669=local, streamID=1
I20230322 13:01:30.982635    10 HTTPSession.cpp:1591] proto=http/1.1, UA=curl/7.68.0, downstream=172.23.0.5:39206, 172.23.0.5:19669=local sending headers, size=0, uncompressedSize=100
I20230322 13:01:30.982940    10 HTTPSession.cpp:2248] proto=http/1.1, UA=curl/7.68.0, downstream=172.23.0.5:39206, 172.23.0.5:19669=local scheduling write callback
I20230322 13:01:30.983198    10 HTTPSessionBase.cpp:147] notifyEgressBodyBuffered pwsd=45
I20230322 13:01:30.983397    10 HTTPTransaction.cpp:1331] Queued egress EOM on proto=http/1.1, UA=curl/7.68.0, downstream=172.23.0.5:39206, 172.23.0.5:19669=local, streamID=1
I20230322 13:01:30.983636    10 HTTPTransaction.cpp:1519] transaction already egress complete, not updating pause state proto=http/1.1, UA=curl/7.68.0, downstream=172.23.0.5:39206, 172.23.0.5:19669=local, streamID=1
I20230322 13:01:30.983911    10 HTTPSession.cpp:2164] proto=http/1.1, UA=curl/7.68.0, downstream=172.23.0.5:39206, 172.23.0.5:19669=local in loop callback
I20230322 13:01:30.984194    10 HTTPSession.cpp:2104] proto=http/1.1, UA=curl/7.68.0, downstream=172.23.0.5:39206, 172.23.0.5:19669=local egressing txnID=1 allowed=65536
I20230322 13:01:30.984463    10 HTTPTransaction.cpp:1247] Sending 45 bytes of body. eom=yes send_window is None trailers=no proto=http/1.1, UA=curl/7.68.0, downstream=172.23.0.5:39206, 172.23.0.5:19669=local, streamID=1
I20230322 13:01:30.984717    10 HTTPSessionBase.cpp:147] notifyEgressBodyBuffered pwsd=-45
I20230322 13:01:30.985016    10 HTTPSession.cpp:1639] proto=http/1.1, UA=curl/7.68.0, downstream=172.23.0.5:39206, 172.23.0.5:19669=local sending EOM in body for streamID=1
I20230322 13:01:30.985283    10 ByteEventTracker.cpp:93]  adding last byte event for 145
I20230322 13:01:30.985507    10 HTTPSessionBase.cpp:147] notifyEgressBodyBuffered pwsd=-45
I20230322 13:01:30.985790    10 HTTPTransaction.cpp:1519] transaction already egress complete, not updating pause state proto=http/1.1, UA=curl/7.68.0, downstream=172.23.0.5:39206, 172.23.0.5:19669=local, streamID=1
I20230322 13:01:30.986038    10 HTTPSession.cpp:2211] proto=http/1.1, UA=curl/7.68.0, downstream=172.23.0.5:39206, 172.23.0.5:19669=local writing 145, activeWrites=1 cork:0 timestampTx:0 timestampAck:0
I20230322 13:01:30.986619    10 HTTPSession.cpp:2745] total bytesWritten_: 145
I20230322 13:01:30.986861    10 ByteEventTracker.cpp:72]  removing ByteEvent (FIRST_HEADER_BYTE, 100)
I20230322 13:01:30.987138    10 ByteEventTracker.cpp:72]  removing ByteEvent (FIRST_BYTE, 101)
I20230322 13:01:30.987437    10 ByteEventTracker.cpp:72]  removing ByteEvent (LAST_BYTE, 145)
I20230322 13:01:30.987674    10 HTTPTransaction.cpp:151] destroying transaction proto=http/1.1, UA=curl/7.68.0, downstream=172.23.0.5:39206, 172.23.0.5:19669=local, streamID=1
I20230322 13:01:30.987890    10 HTTPSession.cpp:1886] proto=http/1.1, UA=curl/7.68.0, downstream=172.23.0.5:39206, 172.23.0.5:19669=local removing streamID=1, liveTransactions was 1
I20230322 13:01:30.988158    10 HTTP2PriorityQueue.cpp:588] Deleting dangling node over max id=1
I20230322 13:01:30.989722    10 AsyncSocket.cpp:2416] AsyncSocket::handleErrMessages() this=0x7ffffce2d000, fd=folly::NetworkSocket(86), state=2
I20230322 13:01:30.990006    10 AsyncSocket.cpp:2638] AsyncSocket::handleRead() this=0x7ffffce2d000, fd=folly::NetworkSocket(86), state=2
I20230322 13:01:30.990276    10 AsyncSocket.cpp:2680] prepareReadBuffer() buf=0x7ffffce41000, buflen=4064
I20230322 13:01:30.990509    10 AsyncSocket.cpp:2328] AsyncSocket::performReadInternal() this=0x7ffffce2d000, iovs=0x7ffffdbf5240, num=1
I20230322 13:01:30.990829    10 AsyncSocket.cpp:2711] this=0x7ffffce2d000, AsyncSocket::handleRead() got 0 bytes
I20230322 13:01:30.991048    10 AsyncSocket.cpp:3412] AsyncSocket::updateEventRegistration(this=0x7ffffce2d000, fd=folly::NetworkSocket(86), evb=0x7ffffce09000, state=2, events=0
I20230322 13:01:30.991309    10 HTTPSession.cpp:543] EOF on proto=http/1.1, UA=curl/7.68.0, downstream=172.23.0.5:39206, 172.23.0.5:19669=local
I20230322 13:01:30.991547    10 HTTPSession.cpp:2273] shutdown request for proto=http/1.1, UA=curl/7.68.0, downstream=172.23.0.5:39206, 172.23.0.5:19669=local: reads=1 (currently 0), writes=1 (currently 0)
I20230322 13:01:30.991851    10 HTTPSession.cpp:2323] proto=http/1.1, UA=curl/7.68.0, downstream=172.23.0.5:39206, 172.23.0.5:19669=local writes drained, closing
I20230322 13:01:30.992123    10 AsyncSocket.cpp:1827] AsyncSocket::shutdownWriteNow(): this=0x7ffffce2d000, fd=folly::NetworkSocket(86), state=2, shutdownFlags=4
I20230322 13:01:30.992357    10 AsyncSocket.cpp:1721] AsyncSocket::closeNow(): this=0x7ffffce2d000, fd_=folly::NetworkSocket(86), state=2, shutdownFlags=4
I20230322 13:01:30.992714    10 AsyncSocket.cpp:3692] AsyncSocket(this=0x7ffffce2d000, fd=folly::NetworkSocket(-1)): connect err invoked with ex: AsyncSocketException: socket closed locally, type = End of file
I20230322 13:01:30.992964    10 HTTPSession.cpp:2446] destroying proto=http/1.1, UA=curl/7.68.0, downstream=172.23.0.5:39206, 172.23.0.5:19669=local
I20230322 13:01:30.993247    10 AsyncSocket.cpp:1721] AsyncSocket::closeNow(): this=0x7ffffce2d000, fd_=folly::NetworkSocket(-1), state=3, shutdownFlags=6
I20230322 13:01:30.993511    10 HTTPSession.cpp:233] proto=http/1.1, UA=curl/7.68.0, downstream=172.23.0.5:39206, 172.23.0.5:19669=local closing
I20230322 13:01:30.993779    10 AsyncSocket.cpp:650] AsyncSocket::destroy(this=0x7ffffce2d000, evb=0x7ffffce09000, fd=folly::NetworkSocket(-1), state=3
I20230322 13:01:30.993989    10 AsyncSocket.cpp:1721] AsyncSocket::closeNow(): this=0x7ffffce2d000, fd_=folly::NetworkSocket(-1), state=3, shutdownFlags=6
I20230322 13:01:30.994472    10 Acceptor.cpp:476] Acceptor=0x7ffffea3b700 onEmpty()
I20230322 13:01:39.377264    36 MetaClient.cpp:2662] Send heartbeat to "metad0":9559, clusterId 0
I20230322 13:01:39.379364    33 ThriftClientManager-inl.h:47] Getting a client to "metad0":9559
I20230322 13:01:39.380970    33 MetaClient.cpp:730] Send request to meta "metad0":9559
I20230322 13:01:39.387420    33 AsyncSocket.cpp:2416] AsyncSocket::handleErrMessages() this=0x7ffff9127400, fd=folly::NetworkSocket(56), state=2
I20230322 13:01:39.388146    33 AsyncSocket.cpp:2638] AsyncSocket::handleRead() this=0x7ffff9127400, fd=folly::NetworkSocket(56), state=2
I20230322 13:01:39.389619    33 AsyncSocket.cpp:2680] prepareReadBuffer() buf=0x7ffff912a3c0, buflen=288
I20230322 13:01:39.390511    33 AsyncSocket.cpp:2328] AsyncSocket::performReadInternal() this=0x7ffff9127400, iovs=0x7ffff1bc9240, num=1
I20230322 13:01:39.391465    33 AsyncSocket.cpp:2711] this=0x7ffff9127400, AsyncSocket::handleRead() got 41 bytes
I20230322 13:01:39.392366    33 MetaClient.cpp:2680] Metad last update time: 0
I20230322 13:01:49.403462    36 MetaClient.cpp:2662] Send heartbeat to "metad0":9559, clusterId 0
I20230322 13:01:49.405236    34 ThriftClientManager-inl.h:47] Getting a client to "metad0":9559
I20230322 13:01:49.406245    34 MetaClient.cpp:730] Send request to meta "metad0":9559
I20230322 13:01:49.412842    34 AsyncSocket.cpp:2416] AsyncSocket::handleErrMessages() this=0x7ffff8a21400, fd=folly::NetworkSocket(53), state=2
I20230322 13:01:49.414219    34 AsyncSocket.cpp:2638] AsyncSocket::handleRead() this=0x7ffff8a21400, fd=folly::NetworkSocket(53), state=2
I20230322 13:01:49.415372    34 AsyncSocket.cpp:2680] prepareReadBuffer() buf=0x7ffff8a24280, buflen=288
I20230322 13:01:49.416309    34 AsyncSocket.cpp:2328] AsyncSocket::performReadInternal() this=0x7ffff8a21400, iovs=0x7ffff13c8240, num=1
I20230322 13:01:49.417163    34 AsyncSocket.cpp:2711] this=0x7ffff8a21400, AsyncSocket::handleRead() got 41 bytes
I20230322 13:01:49.418140    34 MetaClient.cpp:2680] Metad last update time: 0
I20230322 13:01:54.269691     1 GraphDaemon.cpp:176] Signal 15(Terminated) received, stopping this server
I20230322 13:01:54.271037     1 EventBase.cpp:550] EventBase(): Received terminateLoopSoon() command.
I20230322 13:01:54.272977    39 EventBase.cpp:477] EventBase(): Done with loop.
I20230322 13:01:54.275692    32 Acceptor.cpp:460] Acceptor 0x7fffff8e1928 acceptStopped()
I20230322 13:01:54.275713    33 Acceptor.cpp:460] Acceptor 0x7fffff8e1e28 acceptStopped()
I20230322 13:01:54.275722    35 Acceptor.cpp:460] Acceptor 0x7fffff8e2828 acceptStopped()
I20230322 13:01:54.283641    35 ConnectionManager.cpp:130] 0x7fffff869980 initiateGracefulShutdown with nconns=0
I20230322 13:01:54.279407    32 ConnectionManager.cpp:130] 0x7fffff869380 initiateGracefulShutdown with nconns=0
I20230322 13:01:54.290920    32 ConnectionManager.cpp:172] Scheduling idle grace period of 29500ms
I20230322 13:01:54.276429    34 Acceptor.cpp:460] Acceptor 0x7fffff8e2328 acceptStopped()
I20230322 13:01:54.288338    39 EventBase.cpp:550] EventBase(): Received terminateLoopSoon() command.
I20230322 13:01:54.295989    40 EventBase.cpp:477] EventBase(): Done with loop.
I20230322 13:01:54.279588    33 ConnectionManager.cpp:130] 0x7fffff869680 initiateGracefulShutdown with nconns=0
I20230322 13:01:54.297108    33 ConnectionManager.cpp:172] Scheduling idle grace period of 29500ms
I20230322 13:01:54.297497    33 ConnectionManager.cpp:213] 0x7fffff8696d0 notified n=0
I20230322 13:01:54.297991    33 ConnectionManager.cpp:220] 0x7fffff8696d0 finished notify_pending_shutdown
I20230322 13:01:54.298691    33 Acceptor.cpp:490] All connections drained from Acceptor=0x7fffff8e1e28 in thread 0x7ffff9116280
I20230322 13:01:54.295529    34 ConnectionManager.cpp:130] 0x7fffff869800 initiateGracefulShutdown with nconns=0
I20230322 13:01:54.300973    34 ConnectionManager.cpp:172] Scheduling idle grace period of 29500ms
I20230322 13:01:54.301436    34 ConnectionManager.cpp:213] 0x7fffff869850 notified n=0
I20230322 13:01:54.301836    34 ConnectionManager.cpp:220] 0x7fffff869850 finished notify_pending_shutdown
I20230322 13:01:54.302675    34 Acceptor.cpp:490] All connections drained from Acceptor=0x7fffff8e2328 in thread 0x7ffff8a10280
I20230322 13:01:54.298386    40 EventBase.cpp:227] EventBase(): Destroyed.
I20230322 13:01:54.294705    32 ConnectionManager.cpp:213] 0x7fffff8693d0 notified n=0
I20230322 13:01:54.305929    32 ConnectionManager.cpp:220] 0x7fffff8693d0 finished notify_pending_shutdown
I20230322 13:01:54.306588    32 Acceptor.cpp:490] All connections drained from Acceptor=0x7fffff8e1928 in thread 0x7ffff9c17280
I20230322 13:01:54.289489    35 ConnectionManager.cpp:172] Scheduling idle grace period of 29500ms
I20230322 13:01:54.308593    39 EventBase.cpp:550] EventBase(): Received terminateLoopSoon() command.
I20230322 13:01:54.308980    35 ConnectionManager.cpp:213] 0x7fffff8699d0 notified n=0
I20230322 13:01:54.309739    35 ConnectionManager.cpp:220] 0x7fffff8699d0 finished notify_pending_shutdown
I20230322 13:01:54.310202    35 Acceptor.cpp:490] All connections drained from Acceptor=0x7fffff8e2828 in thread 0x7ffff8417280
I20230322 13:01:54.309352    32 EventBase.cpp:477] EventBase(): Done with loop.
I20230322 13:01:54.309389    39 EventBase.cpp:550] EventBase(): Received terminateLoopSoon() command.
I20230322 13:01:54.311944    33 EventBase.cpp:477] EventBase(): Done with loop.
I20230322 13:01:54.312628    33 AsyncSocket.cpp:1721] AsyncSocket::closeNow(): this=0x7ffff9127400, fd_=folly::NetworkSocket(56), state=2, shutdownFlags=0
I20230322 13:01:54.313341    33 AsyncSocket.cpp:3412] AsyncSocket::updateEventRegistration(this=0x7ffff9127400, fd=folly::NetworkSocket(56), evb=0x7ffff9116280, state=3, events=0
I20230322 13:01:54.314489    33 AsyncSocket.cpp:3692] AsyncSocket(this=0x7ffff9127400, fd=folly::NetworkSocket(-1)): connect err invoked with ex: AsyncSocketException: socket closed locally, type = End of file
I20230322 13:01:54.315412    33 AsyncSocket.cpp:650] AsyncSocket::destroy(this=0x7ffff9127400, evb=0x7ffff9116280, fd=folly::NetworkSocket(-1), state=3
I20230322 13:01:54.315793    33 AsyncSocket.cpp:1721] AsyncSocket::closeNow(): this=0x7ffff9127400, fd_=folly::NetworkSocket(-1), state=3, shutdownFlags=6
I20230322 13:01:54.316557    33 EventBase.cpp:227] EventBase(): Destroyed.
I20230322 13:01:54.311416    32 AsyncSocket.cpp:1721] AsyncSocket::closeNow(): this=0x7ffff9c28800, fd_=folly::NetworkSocket(55), state=2, shutdownFlags=0
I20230322 13:01:54.318778    32 AsyncSocket.cpp:3412] AsyncSocket::updateEventRegistration(this=0x7ffff9c28800, fd=folly::NetworkSocket(55), evb=0x7ffff9c17280, state=3, events=0
I20230322 13:01:54.319607    32 AsyncSocket.cpp:3692] AsyncSocket(this=0x7ffff9c28800, fd=folly::NetworkSocket(-1)): connect err invoked with ex: AsyncSocketException: socket closed locally, type = End of file
I20230322 13:01:54.320212    32 AsyncSocket.cpp:650] AsyncSocket::destroy(this=0x7ffff9c28800, evb=0x7ffff9c17280, fd=folly::NetworkSocket(-1), state=3
I20230322 13:01:54.312100    39 EventBase.cpp:550] EventBase(): Received terminateLoopSoon() command.
I20230322 13:01:54.320812    32 AsyncSocket.cpp:1721] AsyncSocket::closeNow(): this=0x7ffff9c28800, fd_=folly::NetworkSocket(-1), state=3, shutdownFlags=6
I20230322 13:01:54.321858    34 EventBase.cpp:477] EventBase(): Done with loop.
I20230322 13:01:54.324771    34 AsyncSocket.cpp:1721] AsyncSocket::closeNow(): this=0x7ffff8a21400, fd_=folly::NetworkSocket(53), state=2, shutdownFlags=0
I20230322 13:01:54.325397    34 AsyncSocket.cpp:3412] AsyncSocket::updateEventRegistration(this=0x7ffff8a21400, fd=folly::NetworkSocket(53), evb=0x7ffff8a10280, state=3, events=0
I20230322 13:01:54.321895    39 EventBase.cpp:550] EventBase(): Received terminateLoopSoon() command.
I20230322 13:01:54.326855    35 EventBase.cpp:477] EventBase(): Done with loop.
I20230322 13:01:54.327332    35 EventBase.cpp:324] EventBase(): Starting loop.
I20230322 13:01:54.322338    32 EventBase.cpp:227] EventBase(): Destroyed.
I20230322 13:01:54.326308    34 AsyncSocket.cpp:3692] AsyncSocket(this=0x7ffff8a21400, fd=folly::NetworkSocket(-1)): connect err invoked with ex: AsyncSocketException: socket closed locally, type = End of file
I20230322 13:01:54.328648    35 EventBase.cpp:477] EventBase(): Done with loop.
I20230322 13:01:54.330767    35 AsyncSocket.cpp:1721] AsyncSocket::closeNow(): this=0x7ffff8428400, fd_=folly::NetworkSocket(54), state=2, shutdownFlags=0
I20230322 13:01:54.331110    35 AsyncSocket.cpp:3412] AsyncSocket::updateEventRegistration(this=0x7ffff8428400, fd=folly::NetworkSocket(54), evb=0x7ffff8417280, state=3, events=0
I20230322 13:01:54.331449    35 AsyncSocket.cpp:3692] AsyncSocket(this=0x7ffff8428400, fd=folly::NetworkSocket(-1)): connect err invoked with ex: AsyncSocketException: socket closed locally, type = End of file
I20230322 13:01:54.332116    35 AsyncSocket.cpp:650] AsyncSocket::destroy(this=0x7ffff8428400, evb=0x7ffff8417280, fd=folly::NetworkSocket(-1), state=3
I20230322 13:01:54.333266    35 AsyncSocket.cpp:1721] AsyncSocket::closeNow(): this=0x7ffff8428400, fd_=folly::NetworkSocket(-1), state=3, shutdownFlags=6
I20230322 13:01:54.330454    34 AsyncSocket.cpp:650] AsyncSocket::destroy(this=0x7ffff8a21400, evb=0x7ffff8a10280, fd=folly::NetworkSocket(-1), state=3
I20230322 13:01:54.334921    35 EventBase.cpp:227] EventBase(): Destroyed.
I20230322 13:01:54.337453    34 AsyncSocket.cpp:1721] AsyncSocket::closeNow(): this=0x7ffff8a21400, fd_=folly::NetworkSocket(-1), state=3, shutdownFlags=6
I20230322 13:01:54.351589    34 EventBase.cpp:227] EventBase(): Destroyed.
I20230322 13:01:54.353708    39 GraphServer.cpp:70] nebula-graphd on ngai_graphd:9669 has been stopped
I20230322 13:01:54.354820    39 EventBase.cpp:227] EventBase(): Destroyed.
I20230322 13:01:54.358108     1 GraphDaemon.cpp:161] The graph Daemon stopped
I20230322 13:01:54.360805     1 GraphServer.cpp:101] The graph server has been stopped
I20230322 13:01:54.379372     1 StorageClientBase-inl.h:39] Destructing StorageClientBase
I20230322 13:01:54.380822     1 ThriftClientManager.h:27] ~ThriftClientManager
I20230322 13:01:54.384979     1 MetaClient.cpp:89] ~MetaClient
I20230322 13:01:54.386844     1 ThriftClientManager.h:27] ~ThriftClientManager
I20230322 13:01:54.393381     9 Acceptor.cpp:460] Acceptor 0x7ffffea3b000 acceptStopped()
I20230322 13:01:54.394668     9 ConnectionManager.cpp:130] 0x7ffffea10a80 initiateGracefulShutdown with nconns=0
I20230322 13:01:54.395581     9 ConnectionManager.cpp:172] Scheduling idle grace period of 5000ms
I20230322 13:01:54.396597     9 ConnectionManager.cpp:213] 0x7ffffea10ad0 notified n=0
I20230322 13:01:54.397217     9 ConnectionManager.cpp:220] 0x7ffffea10ad0 finished notify_pending_shutdown
I20230322 13:01:54.398058     9 Acceptor.cpp:490] All connections drained from Acceptor=0x7ffffea3b000 in thread 0x7ffffdc0a000
I20230322 13:01:54.393468    12 Acceptor.cpp:460] Acceptor 0x7ffffea3c500 acceptStopped()
I20230322 13:01:54.399369    12 ConnectionManager.cpp:130] 0x7ffffea10f00 initiateGracefulShutdown with nconns=0
I20230322 13:01:54.400002    12 ConnectionManager.cpp:172] Scheduling idle grace period of 5000ms
I20230322 13:01:54.400544    12 ConnectionManager.cpp:213] 0x7ffffea10f50 notified n=0
I20230322 13:01:54.401139    12 ConnectionManager.cpp:220] 0x7ffffea10f50 finished notify_pending_shutdown
I20230322 13:01:54.401633    12 Acceptor.cpp:490] All connections drained from Acceptor=0x7ffffea3c500 in thread 0x7ffffb209000
I20230322 13:01:54.393443    11 Acceptor.cpp:460] Acceptor 0x7ffffea3be00 acceptStopped()
I20230322 13:01:54.403146    11 ConnectionManager.cpp:130] 0x7ffffea10d80 initiateGracefulShutdown with nconns=0
I20230322 13:01:54.404309    11 ConnectionManager.cpp:172] Scheduling idle grace period of 5000ms
I20230322 13:01:54.393594     1 EventBase.cpp:550] EventBase(): Received terminateLoopSoon() command.
I20230322 13:01:54.393677    10 Acceptor.cpp:460] Acceptor 0x7ffffea3b700 acceptStopped()
I20230322 13:01:54.410410    10 ConnectionManager.cpp:130] 0x7ffffea10c00 initiateGracefulShutdown with nconns=0
I20230322 13:01:54.411290    10 ConnectionManager.cpp:172] Scheduling idle grace period of 5000ms
I20230322 13:01:54.411983    10 ConnectionManager.cpp:213] 0x7ffffea10c50 notified n=0
I20230322 13:01:54.412823    10 ConnectionManager.cpp:220] 0x7ffffea10c50 finished notify_pending_shutdown
I20230322 13:01:54.413246    10 Acceptor.cpp:490] All connections drained from Acceptor=0x7ffffea3b700 in thread 0x7ffffce09000
I20230322 13:01:54.410128    13 EventBase.cpp:477] EventBase(): Done with loop.
I20230322 13:01:54.414307    13 EventBase.cpp:227] EventBase(): Destroyed.
I20230322 13:01:54.409188    11 ConnectionManager.cpp:213] 0x7ffffea10dd0 notified n=0
I20230322 13:01:54.415324    11 ConnectionManager.cpp:220] 0x7ffffea10dd0 finished notify_pending_shutdown
I20230322 13:01:54.415896    11 Acceptor.cpp:490] All connections drained from Acceptor=0x7ffffea3be00 in thread 0x7ffffc009000
I20230322 13:01:54.415875     1 EventBase.cpp:550] EventBase(): Received terminateLoopSoon() command.
I20230322 13:01:54.416627     9 EventBase.cpp:477] EventBase(): Done with loop.
I20230322 13:01:54.417043     9 EventBase.cpp:227] EventBase(): Destroyed.
I20230322 13:01:54.416632     1 EventBase.cpp:550] EventBase(): Received terminateLoopSoon() command.
I20230322 13:01:54.418632     1 EventBase.cpp:550] EventBase(): Received terminateLoopSoon() command.
I20230322 13:01:54.418653    10 EventBase.cpp:477] EventBase(): Done with loop.
I20230322 13:01:54.419214    11 EventBase.cpp:477] EventBase(): Done with loop.
I20230322 13:01:54.420832    11 EventBase.cpp:324] EventBase(): Starting loop.
I20230322 13:01:54.419791    10 EventBase.cpp:227] EventBase(): Destroyed.
I20230322 13:01:54.419334     1 EventBase.cpp:550] EventBase(): Received terminateLoopSoon() command.
I20230322 13:01:54.423444    12 EventBase.cpp:477] EventBase(): Done with loop.
I20230322 13:01:54.423858    12 EventBase.cpp:227] EventBase(): Destroyed.
I20230322 13:01:54.422281    11 EventBase.cpp:477] EventBase(): Done with loop.
I20230322 13:01:54.424675    11 EventBase.cpp:227] EventBase(): Destroyed.
I20230322 13:01:54.425382     1 EventBase.cpp:550] EventBase(): Received terminateLoopSoon() command.
I20230322 13:01:54.426229     8 EventBase.cpp:477] EventBase(): Done with loop.
I20230322 13:01:54.427405     8 EventBase.cpp:227] EventBase(): Destroyed.
