Log file created at: 2023/03/22 13:33:28
Running on machine: 8258264c894f
Running duration (h:mm:ss): 0:00:00
Log line format: [IWEF]yyyymmdd hh:mm:ss.uuuuuu threadid file:line] msg
I20230322 13:33:28.913722     1 StorageDaemon.cpp:132] localhost = "storaged0":9779
I20230322 13:33:28.923117     1 StorageDaemon.cpp:147] data path= /data/storage
I20230322 13:33:28.932199     1 MetaClient.cpp:80] Create meta client to "metad0":9559
I20230322 13:33:28.933792     1 MetaClient.cpp:81] root path: /usr/local/nebula, data path size: 1
W20230322 13:33:28.937275     1 FileBasedClusterIdMan.cpp:43] Open file failed, error No such file or directory
I20230322 13:33:28.942907    47 ThriftClientManager-inl.h:67] resolve "metad0":9559 as "172.26.0.2":9559
I20230322 13:33:29.947748    47 ThriftClientManager-inl.h:67] resolve "metad0":9559 as "172.26.0.2":9559
I20230322 13:33:29.953754    47 MetaClient.cpp:2668] Persist the cluster Id from metad 983123589676682542
I20230322 13:33:29.954421    47 FileBasedClusterIdMan.cpp:21] Remove the existed file cluster.id
I20230322 13:33:29.955257    47 FileBasedClusterIdMan.cpp:34] Persist clusterId 983123589676682542 succeeded!
I20230322 13:33:34.963635    53 ThriftClientManager-inl.h:67] resolve "metad0":9559 as "172.26.0.2":9559
I20230322 13:33:34.973886    54 ThriftClientManager-inl.h:67] resolve "metad0":9559 as "172.26.0.2":9559
I20230322 13:33:34.980592    55 ThriftClientManager-inl.h:67] resolve "metad0":9559 as "172.26.0.2":9559
I20230322 13:33:34.985694    56 ThriftClientManager-inl.h:67] resolve "metad0":9559 as "172.26.0.2":9559
I20230322 13:33:39.995440    57 ThriftClientManager-inl.h:67] resolve "metad0":9559 as "172.26.0.2":9559
I20230322 13:33:40.006047    58 ThriftClientManager-inl.h:67] resolve "metad0":9559 as "172.26.0.2":9559
I20230322 13:33:40.012070    59 ThriftClientManager-inl.h:67] resolve "metad0":9559 as "172.26.0.2":9559
I20230322 13:33:40.015422     1 MetaClient.cpp:3259] Load leader of "storaged0":9779 in 0 space
I20230322 13:33:40.017220     1 MetaClient.cpp:3265] Load leader ok
I20230322 13:33:40.020998    60 ThriftClientManager-inl.h:67] resolve "metad0":9559 as "172.26.0.2":9559
I20230322 13:33:40.026168    61 ThriftClientManager-inl.h:67] resolve "metad0":9559 as "172.26.0.2":9559
I20230322 13:33:40.031224     1 MetaClient.cpp:162] Register time task for heartbeat!
I20230322 13:33:40.032655     1 StorageServer.cpp:244] Init schema manager
I20230322 13:33:40.033950     1 StorageServer.cpp:247] Init index manager
I20230322 13:33:40.035137     1 StorageServer.cpp:250] Init kvstore
I20230322 13:33:40.036559     1 NebulaStore.cpp:52] Start the raft service...
I20230322 13:33:40.044281     1 NebulaSnapshotManager.cpp:25] Send snapshot is rate limited to 10485760 for each part by default
I20230322 13:33:40.060456     1 RaftexService.cpp:46] Start raft service on 9780
I20230322 13:33:40.062132     1 NebulaStore.cpp:86] Scan the local path, and init the spaces_
I20230322 13:33:40.064888     1 NebulaStore.cpp:93] Scan path "/data/storage/nebula/0"
I20230322 13:33:40.065848     1 NebulaStore.cpp:272] Init data from partManager for "storaged0":9779
I20230322 13:33:40.066807     1 NebulaStore.cpp:79] Register handler...
I20230322 13:33:40.067611     1 StorageServer.cpp:253] Init LogMonitor
I20230322 13:33:40.068542     1 StorageServer.cpp:120] Starting Storage HTTP Service
I20230322 13:33:40.069768     1 StorageServer.cpp:124] Http Thread Pool started
I20230322 13:33:45.084604    79 WebService.cpp:124] Web service started on HTTP[19779]
I20230322 13:33:45.091168     1 RocksEngineConfig.cpp:371] Emplace rocksdb option max_bytes_for_level_base=268435456
I20230322 13:33:45.092839     1 RocksEngineConfig.cpp:371] Emplace rocksdb option max_write_buffer_number=4
I20230322 13:33:45.094344     1 RocksEngineConfig.cpp:371] Emplace rocksdb option write_buffer_size=67108864
I20230322 13:33:45.096310     1 RocksEngineConfig.cpp:371] Emplace rocksdb option block_size=8192
I20230322 13:33:45.161327    85 EventListener.h:21] Rocksdb start compaction column family: default because of LevelL0FilesNum, status: OK, compacted 4 files into 0, base level is 0, output level is 1
I20230322 13:33:45.162300     1 RocksEngine.cpp:107] open rocksdb on /data/storage/nebula/0/data
I20230322 13:33:45.163604     1 AdminTaskManager.cpp:22] max concurrent subtasks: 10
I20230322 13:33:45.164199   103 AdminTaskManager.cpp:224] waiting for incoming task
I20230322 13:33:45.164201     1 AdminTaskManager.cpp:40] exit AdminTaskManager::init()
I20230322 13:33:45.169399    85 EventListener.h:35] Rocksdb compaction completed column family: default because of LevelL0FilesNum, status: OK, compacted 4 files into 1, base level is 0, output level is 1
E20230322 13:33:45.180431     1 MemoryUtils.cpp:167] Total memory less than untracked 50 Mib, MemoryTracker limit is not set properly,  Current memory stats:MemoryStats: 8589934592.000GiB/126.011MiB
I20230322 13:33:45.184016     1 MemoryUtils.cpp:171] MemoryTracker set static ratio: 0.8
I20230322 13:33:50.460386    62 ThriftClientManager-inl.h:67] resolve "metad0":9559 as "172.26.0.2":9559
I20230322 13:34:00.476778    69 ThriftClientManager-inl.h:67] resolve "metad0":9559 as "172.26.0.2":9559
I20230322 13:34:10.498591    70 ThriftClientManager-inl.h:67] resolve "metad0":9559 as "172.26.0.2":9559
I20230322 13:34:20.513914    71 ThriftClientManager-inl.h:67] resolve "metad0":9559 as "172.26.0.2":9559
I20230322 13:34:30.543735    72 ThriftClientManager-inl.h:67] resolve "metad0":9559 as "172.26.0.2":9559
I20230322 13:34:40.560359    73 ThriftClientManager-inl.h:67] resolve "metad0":9559 as "172.26.0.2":9559
I20230322 13:38:10.965950    63 MetaClient.cpp:3259] Load leader of "storaged0":9779 in 0 space
I20230322 13:38:10.970747    63 MetaClient.cpp:3265] Load leader ok
I20230322 13:38:10.973424    63 NebulaStore.cpp:388] Create data space 1
I20230322 13:38:10.985353    63 RocksEngineConfig.cpp:371] Emplace rocksdb option max_bytes_for_level_base=268435456
I20230322 13:38:10.986565    63 RocksEngineConfig.cpp:371] Emplace rocksdb option max_write_buffer_number=4
I20230322 13:38:10.987802    63 RocksEngineConfig.cpp:371] Emplace rocksdb option write_buffer_size=67108864
I20230322 13:38:10.989506    63 RocksEngineConfig.cpp:371] Emplace rocksdb option block_size=8192
I20230322 13:38:11.036602    63 RocksEngine.cpp:107] open rocksdb on /data/storage/nebula/1/data
I20230322 13:38:11.041530    63 NebulaStore.cpp:451] Space 1, part 2 has been added, asLearner 0
I20230322 13:38:11.044776    63 NebulaStore.cpp:451] Space 1, part 1 has been added, asLearner 0
I20230322 13:38:11.047691    63 NebulaStore.cpp:451] Space 1, part 3 has been added, asLearner 0
I20230322 13:38:11.050659    63 NebulaStore.cpp:451] Space 1, part 5 has been added, asLearner 0
I20230322 13:38:11.053612    63 NebulaStore.cpp:451] Space 1, part 4 has been added, asLearner 0
I20230322 13:38:11.056617    63 NebulaStore.cpp:451] Space 1, part 9 has been added, asLearner 0
I20230322 13:38:11.059538    63 NebulaStore.cpp:451] Space 1, part 10 has been added, asLearner 0
I20230322 13:38:11.062498    63 NebulaStore.cpp:451] Space 1, part 8 has been added, asLearner 0
I20230322 13:38:11.065358    63 NebulaStore.cpp:451] Space 1, part 7 has been added, asLearner 0
I20230322 13:38:11.068327    63 NebulaStore.cpp:451] Space 1, part 6 has been added, asLearner 0
I20230322 13:38:31.119560    63 MetaClient.cpp:3259] Load leader of "storaged0":9779 in 1 space
I20230322 13:38:31.123088    63 MetaClient.cpp:3265] Load leader ok
I20230322 13:38:51.167294    63 MetaClient.cpp:3259] Load leader of "storaged0":9779 in 1 space
I20230322 13:38:51.170207    63 MetaClient.cpp:3265] Load leader ok
I20230322 13:41:21.434657    63 MetaClient.cpp:3259] Load leader of "storaged0":9779 in 0 space
I20230322 13:41:21.437211    63 MetaClient.cpp:3265] Load leader ok
I20230322 13:41:21.438808    63 NebulaStore.cpp:388] Create data space 2
I20230322 13:41:21.450039    63 RocksEngineConfig.cpp:371] Emplace rocksdb option max_bytes_for_level_base=268435456
I20230322 13:41:21.451452    63 RocksEngineConfig.cpp:371] Emplace rocksdb option max_write_buffer_number=4
I20230322 13:41:21.452842    63 RocksEngineConfig.cpp:371] Emplace rocksdb option write_buffer_size=67108864
I20230322 13:41:21.455080    63 RocksEngineConfig.cpp:371] Emplace rocksdb option block_size=8192
I20230322 13:41:21.497503    63 RocksEngine.cpp:107] open rocksdb on /data/storage/nebula/2/data
I20230322 13:41:21.502220    63 NebulaStore.cpp:451] Space 2, part 2 has been added, asLearner 0
I20230322 13:41:21.505017    63 NebulaStore.cpp:451] Space 2, part 1 has been added, asLearner 0
I20230322 13:41:21.507795    63 NebulaStore.cpp:451] Space 2, part 3 has been added, asLearner 0
I20230322 13:41:21.510540    63 NebulaStore.cpp:451] Space 2, part 5 has been added, asLearner 0
I20230322 13:41:21.513372    63 NebulaStore.cpp:451] Space 2, part 4 has been added, asLearner 0
I20230322 13:41:21.516469    63 NebulaStore.cpp:451] Space 2, part 9 has been added, asLearner 0
I20230322 13:41:21.519394    63 NebulaStore.cpp:451] Space 2, part 10 has been added, asLearner 0
I20230322 13:41:21.522357    63 NebulaStore.cpp:451] Space 2, part 8 has been added, asLearner 0
I20230322 13:41:21.525220    63 NebulaStore.cpp:451] Space 2, part 7 has been added, asLearner 0
I20230322 13:41:21.529577    63 NebulaStore.cpp:451] Space 2, part 6 has been added, asLearner 0
I20230322 13:41:21.532380    63 Part.cpp:490] [Port: 9780, Space: 1, Part: 2] Clean rocksdb part data
I20230322 13:41:21.533823    63 NebulaStore.cpp:565] Space 1, part 2 has been removed!
I20230322 13:41:21.535619    63 Part.cpp:490] [Port: 9780, Space: 1, Part: 1] Clean rocksdb part data
I20230322 13:41:21.536547    63 NebulaStore.cpp:565] Space 1, part 1 has been removed!
I20230322 13:41:21.538254    63 Part.cpp:490] [Port: 9780, Space: 1, Part: 3] Clean rocksdb part data
I20230322 13:41:21.539184    63 NebulaStore.cpp:565] Space 1, part 3 has been removed!
I20230322 13:41:21.540941    63 Part.cpp:490] [Port: 9780, Space: 1, Part: 5] Clean rocksdb part data
I20230322 13:41:21.541800    63 NebulaStore.cpp:565] Space 1, part 5 has been removed!
I20230322 13:41:21.543552    63 Part.cpp:490] [Port: 9780, Space: 1, Part: 4] Clean rocksdb part data
I20230322 13:41:21.544435    63 NebulaStore.cpp:565] Space 1, part 4 has been removed!
I20230322 13:41:21.546231    63 Part.cpp:490] [Port: 9780, Space: 1, Part: 9] Clean rocksdb part data
I20230322 13:41:21.547302    63 NebulaStore.cpp:565] Space 1, part 9 has been removed!
I20230322 13:41:21.549094    63 Part.cpp:490] [Port: 9780, Space: 1, Part: 10] Clean rocksdb part data
I20230322 13:41:21.549938    63 NebulaStore.cpp:565] Space 1, part 10 has been removed!
I20230322 13:41:21.551700    63 Part.cpp:490] [Port: 9780, Space: 1, Part: 8] Clean rocksdb part data
I20230322 13:41:21.552582    63 NebulaStore.cpp:565] Space 1, part 8 has been removed!
I20230322 13:41:21.554301    63 Part.cpp:490] [Port: 9780, Space: 1, Part: 7] Clean rocksdb part data
I20230322 13:41:21.555182    63 NebulaStore.cpp:565] Space 1, part 7 has been removed!
I20230322 13:41:21.556982    63 Part.cpp:490] [Port: 9780, Space: 1, Part: 6] Clean rocksdb part data
I20230322 13:41:21.557909    63 NebulaStore.cpp:565] Space 1, part 6 has been removed!
I20230322 13:41:21.558768    63 RocksEngine.h:206] Release rocksdb on /data/storage/nebula/1
I20230322 13:41:21.561340    63 NebulaStore.cpp:708] Try to remove space directory: /data/storage/nebula/1
I20230322 13:41:21.574997    63 NebulaStore.cpp:710] Space directory removed: /data/storage/nebula/1
I20230322 13:41:21.575513    63 NebulaStore.cpp:526] Data space 1 has been removed!
I20230322 13:41:25.005899    66 Part.h:59] [Port: 9780, Space: 1, Part: 8] ~Part()
I20230322 13:41:25.532517    67 Part.h:59] [Port: 9780, Space: 1, Part: 7] ~Part()
I20230322 13:41:25.625228    65 Part.h:59] [Port: 9780, Space: 1, Part: 3] ~Part()
I20230322 13:41:25.648772    64 Part.h:59] [Port: 9780, Space: 1, Part: 6] ~Part()
I20230322 13:41:25.720273    66 Part.h:59] [Port: 9780, Space: 1, Part: 5] ~Part()
I20230322 13:41:25.733464    64 Part.h:59] [Port: 9780, Space: 1, Part: 9] ~Part()
I20230322 13:41:25.809028    67 Part.h:59] [Port: 9780, Space: 1, Part: 10] ~Part()
I20230322 13:41:26.033843    65 Part.h:59] [Port: 9780, Space: 1, Part: 2] ~Part()
I20230322 13:41:26.197419    66 Part.h:59] [Port: 9780, Space: 1, Part: 4] ~Part()
I20230322 13:41:27.185892    67 Part.h:59] [Port: 9780, Space: 1, Part: 1] ~Part()
I20230322 13:41:41.610620    63 MetaClient.cpp:3259] Load leader of "storaged0":9779 in 1 space
I20230322 13:41:41.613436    63 MetaClient.cpp:3265] Load leader ok
I20230322 13:42:01.680819    63 MetaClient.cpp:3259] Load leader of "storaged0":9779 in 1 space
I20230322 13:42:01.683956    63 MetaClient.cpp:3265] Load leader ok
I20230322 13:43:11.807598    63 MetaClient.cpp:3259] Load leader of "storaged0":9779 in 0 space
I20230322 13:43:11.809871    63 MetaClient.cpp:3265] Load leader ok
I20230322 13:43:11.811210    63 NebulaStore.cpp:388] Create data space 3
I20230322 13:43:11.817118    63 RocksEngineConfig.cpp:371] Emplace rocksdb option max_bytes_for_level_base=268435456
I20230322 13:43:11.817767    63 RocksEngineConfig.cpp:371] Emplace rocksdb option max_write_buffer_number=4
I20230322 13:43:11.818248    63 RocksEngineConfig.cpp:371] Emplace rocksdb option write_buffer_size=67108864
I20230322 13:43:11.819242    63 RocksEngineConfig.cpp:371] Emplace rocksdb option block_size=8192
I20230322 13:43:11.889751    63 RocksEngine.cpp:107] open rocksdb on /data/storage/nebula/3/data
I20230322 13:43:11.899538    63 NebulaStore.cpp:451] Space 3, part 2 has been added, asLearner 0
I20230322 13:43:11.902799    63 NebulaStore.cpp:451] Space 3, part 1 has been added, asLearner 0
I20230322 13:43:11.907196    63 NebulaStore.cpp:451] Space 3, part 3 has been added, asLearner 0
I20230322 13:43:11.911362    63 NebulaStore.cpp:451] Space 3, part 5 has been added, asLearner 0
I20230322 13:43:11.914834    63 NebulaStore.cpp:451] Space 3, part 4 has been added, asLearner 0
I20230322 13:43:11.917877    63 NebulaStore.cpp:451] Space 3, part 9 has been added, asLearner 0
I20230322 13:43:11.921749    63 NebulaStore.cpp:451] Space 3, part 10 has been added, asLearner 0
I20230322 13:43:11.926715    63 NebulaStore.cpp:451] Space 3, part 8 has been added, asLearner 0
I20230322 13:43:11.930645    63 NebulaStore.cpp:451] Space 3, part 7 has been added, asLearner 0
I20230322 13:43:11.933545    63 NebulaStore.cpp:451] Space 3, part 6 has been added, asLearner 0
I20230322 13:43:11.936089    63 Part.cpp:490] [Port: 9780, Space: 2, Part: 2] Clean rocksdb part data
I20230322 13:43:11.937505    63 NebulaStore.cpp:565] Space 2, part 2 has been removed!
I20230322 13:43:11.940547    63 Part.cpp:490] [Port: 9780, Space: 2, Part: 1] Clean rocksdb part data
I20230322 13:43:11.941648    63 NebulaStore.cpp:565] Space 2, part 1 has been removed!
I20230322 13:43:11.943845    63 Part.cpp:490] [Port: 9780, Space: 2, Part: 3] Clean rocksdb part data
I20230322 13:43:11.944823    63 NebulaStore.cpp:565] Space 2, part 3 has been removed!
I20230322 13:43:11.947539    63 Part.cpp:490] [Port: 9780, Space: 2, Part: 5] Clean rocksdb part data
I20230322 13:43:11.948635    63 NebulaStore.cpp:565] Space 2, part 5 has been removed!
I20230322 13:43:11.951022    63 Part.cpp:490] [Port: 9780, Space: 2, Part: 4] Clean rocksdb part data
I20230322 13:43:11.952113    63 NebulaStore.cpp:565] Space 2, part 4 has been removed!
I20230322 13:43:11.954814    63 Part.cpp:490] [Port: 9780, Space: 2, Part: 9] Clean rocksdb part data
I20230322 13:43:11.956784    63 NebulaStore.cpp:565] Space 2, part 9 has been removed!
I20230322 13:43:11.964430    63 Part.cpp:490] [Port: 9780, Space: 2, Part: 10] Clean rocksdb part data
I20230322 13:43:11.968920    63 NebulaStore.cpp:565] Space 2, part 10 has been removed!
I20230322 13:43:11.973289    63 Part.cpp:490] [Port: 9780, Space: 2, Part: 8] Clean rocksdb part data
I20230322 13:43:11.974527    63 NebulaStore.cpp:565] Space 2, part 8 has been removed!
I20230322 13:43:11.976948    63 Part.cpp:490] [Port: 9780, Space: 2, Part: 7] Clean rocksdb part data
I20230322 13:43:11.978047    63 NebulaStore.cpp:565] Space 2, part 7 has been removed!
I20230322 13:43:11.980193    63 Part.cpp:490] [Port: 9780, Space: 2, Part: 6] Clean rocksdb part data
I20230322 13:43:11.981499    63 NebulaStore.cpp:565] Space 2, part 6 has been removed!
I20230322 13:43:11.982050    63 RocksEngine.h:206] Release rocksdb on /data/storage/nebula/2
I20230322 13:43:11.984725    63 NebulaStore.cpp:708] Try to remove space directory: /data/storage/nebula/2
I20230322 13:43:12.000803    63 NebulaStore.cpp:710] Space directory removed: /data/storage/nebula/2
I20230322 13:43:12.001420    63 NebulaStore.cpp:526] Data space 2 has been removed!
I20230322 13:43:13.882370    66 Part.h:59] [Port: 9780, Space: 2, Part: 7] ~Part()
I20230322 13:43:13.952713    67 Part.h:59] [Port: 9780, Space: 2, Part: 10] ~Part()
I20230322 13:43:14.362556    64 Part.h:59] [Port: 9780, Space: 2, Part: 6] ~Part()
I20230322 13:43:14.544967    65 Part.h:59] [Port: 9780, Space: 2, Part: 4] ~Part()
I20230322 13:43:14.592566    66 Part.h:59] [Port: 9780, Space: 2, Part: 1] ~Part()
I20230322 13:43:15.027124    67 Part.h:59] [Port: 9780, Space: 2, Part: 5] ~Part()
I20230322 13:43:15.361429    65 Part.h:59] [Port: 9780, Space: 2, Part: 9] ~Part()
I20230322 13:43:15.623090    64 Part.h:59] [Port: 9780, Space: 2, Part: 3] ~Part()
I20230322 13:43:15.697904    66 Part.h:59] [Port: 9780, Space: 2, Part: 2] ~Part()
I20230322 13:43:15.875588    67 Part.h:59] [Port: 9780, Space: 2, Part: 8] ~Part()
I20230322 13:43:22.024616    63 MetaClient.cpp:3259] Load leader of "storaged0":9779 in 1 space
I20230322 13:43:22.026764    63 MetaClient.cpp:3265] Load leader ok
I20230322 13:43:32.050817    63 MetaClient.cpp:3259] Load leader of "storaged0":9779 in 1 space
I20230322 13:43:32.054468    63 MetaClient.cpp:3265] Load leader ok
I20230322 13:43:52.112692    63 MetaClient.cpp:3259] Load leader of "storaged0":9779 in 1 space
I20230322 13:43:52.114543    63 MetaClient.cpp:3265] Load leader ok
I20230322 13:44:12.154846    63 MetaClient.cpp:3259] Load leader of "storaged0":9779 in 1 space
I20230322 13:44:12.156066    63 MetaClient.cpp:3265] Load leader ok
I20230322 13:44:14.455426    20 AdminTask.cpp:21] createAdminTask (4, 0)
I20230322 13:44:14.457291    20 AdminTaskManager.cpp:155] enqueue task(4, 0)
I20230322 13:44:14.457399   103 AdminTaskManager.cpp:236] dequeue task(4, 0)
I20230322 13:44:14.458906   103 AdminTaskManager.cpp:279] run task(4, 0), 10 subtasks in 10 thread
I20230322 13:44:14.459939   335 StatsTask.cpp:110] Start stats task
I20230322 13:44:14.460321   336 StatsTask.cpp:110] Start stats task
I20230322 13:44:14.460583   337 StatsTask.cpp:110] Start stats task
I20230322 13:44:14.460841   335 StatsTask.cpp:307] Stats task finished
I20230322 13:44:14.463024   335 AdminTaskManager.cpp:315] subtask of task(4, 0) finished, unfinished task 9
I20230322 13:44:14.461328   339 StatsTask.cpp:110] Start stats task
I20230322 13:44:14.461562   340 StatsTask.cpp:110] Start stats task
I20230322 13:44:14.461592   336 StatsTask.cpp:307] Stats task finished
I20230322 13:44:14.465379   336 AdminTaskManager.cpp:315] subtask of task(4, 0) finished, unfinished task 8
I20230322 13:44:14.462224   342 StatsTask.cpp:110] Start stats task
I20230322 13:44:14.466419   342 StatsTask.cpp:307] Stats task finished
I20230322 13:44:14.466964   342 AdminTaskManager.cpp:315] subtask of task(4, 0) finished, unfinished task 7
I20230322 13:44:14.462664   103 AdminTaskManager.cpp:224] waiting for incoming task
I20230322 13:44:14.462692   344 StatsTask.cpp:110] Start stats task
I20230322 13:44:14.460980   338 StatsTask.cpp:110] Start stats task
I20230322 13:44:14.469290   338 StatsTask.cpp:307] Stats task finished
I20230322 13:44:14.469904   338 AdminTaskManager.cpp:315] subtask of task(4, 0) finished, unfinished task 6
I20230322 13:44:14.462025   341 StatsTask.cpp:110] Start stats task
I20230322 13:44:14.462334   337 StatsTask.cpp:307] Stats task finished
I20230322 13:44:14.471491   337 AdminTaskManager.cpp:315] subtask of task(4, 0) finished, unfinished task 5
I20230322 13:44:14.468792   344 StatsTask.cpp:307] Stats task finished
I20230322 13:44:14.472496   344 AdminTaskManager.cpp:315] subtask of task(4, 0) finished, unfinished task 4
I20230322 13:44:14.464867   340 StatsTask.cpp:307] Stats task finished
I20230322 13:44:14.473855   340 AdminTaskManager.cpp:315] subtask of task(4, 0) finished, unfinished task 3
I20230322 13:44:14.462461   343 StatsTask.cpp:110] Start stats task
I20230322 13:44:14.464267   339 StatsTask.cpp:307] Stats task finished
I20230322 13:44:14.475469   339 AdminTaskManager.cpp:315] subtask of task(4, 0) finished, unfinished task 2
I20230322 13:44:14.471057   341 StatsTask.cpp:307] Stats task finished
I20230322 13:44:14.476507   341 AdminTaskManager.cpp:315] subtask of task(4, 0) finished, unfinished task 1
I20230322 13:44:14.473743   335 AdminTaskManager.cpp:326] task(4, 0) runSubTask() exit
I20230322 13:44:14.475916   336 AdminTaskManager.cpp:326] task(4, 0) runSubTask() exit
I20230322 13:44:14.474874   343 StatsTask.cpp:307] Stats task finished
I20230322 13:44:14.478776   343 AdminTaskManager.cpp:315] subtask of task(4, 0) finished, unfinished task 0
I20230322 13:44:14.477605   342 AdminTaskManager.cpp:326] task(4, 0) runSubTask() exit
I20230322 13:44:14.479363   343 StatsTask.cpp:312] task(4, 0) finished, rc=[SUCCEEDED]
I20230322 13:44:14.480512   338 AdminTaskManager.cpp:326] task(4, 0) runSubTask() exit
I20230322 13:44:14.481174   104 AdminTaskManager.cpp:92] reportTaskFinish(), job=4, task=0, rc=SUCCEEDED
I20230322 13:44:14.482105   337 AdminTaskManager.cpp:326] task(4, 0) runSubTask() exit
I20230322 13:44:14.483309   344 AdminTaskManager.cpp:326] task(4, 0) runSubTask() exit
I20230322 13:44:14.484511   340 AdminTaskManager.cpp:326] task(4, 0) runSubTask() exit
I20230322 13:44:14.486033   339 AdminTaskManager.cpp:326] task(4, 0) runSubTask() exit
I20230322 13:44:14.487179   341 AdminTaskManager.cpp:326] task(4, 0) runSubTask() exit
I20230322 13:44:14.487779   104 AdminTaskManager.cpp:134] reportTaskFinish(), job=4, task=0, rc=SUCCEEDED
I20230322 13:47:42.497373    63 MetaClient.cpp:3259] Load leader of "storaged0":9779 in 0 space
I20230322 13:47:42.499783    63 MetaClient.cpp:3265] Load leader ok
I20230322 13:47:42.501281    63 NebulaStore.cpp:388] Create data space 5
I20230322 13:47:42.510450    63 RocksEngineConfig.cpp:371] Emplace rocksdb option max_bytes_for_level_base=268435456
I20230322 13:47:42.511458    63 RocksEngineConfig.cpp:371] Emplace rocksdb option max_write_buffer_number=4
I20230322 13:47:42.512534    63 RocksEngineConfig.cpp:371] Emplace rocksdb option write_buffer_size=67108864
I20230322 13:47:42.513883    63 RocksEngineConfig.cpp:371] Emplace rocksdb option block_size=8192
I20230322 13:47:42.560024    63 RocksEngine.cpp:107] open rocksdb on /data/storage/nebula/5/data
I20230322 13:47:42.564127    63 NebulaStore.cpp:451] Space 5, part 2 has been added, asLearner 0
I20230322 13:47:42.566607    63 NebulaStore.cpp:451] Space 5, part 1 has been added, asLearner 0
I20230322 13:47:42.569200    63 NebulaStore.cpp:451] Space 5, part 3 has been added, asLearner 0
I20230322 13:47:42.572010    63 NebulaStore.cpp:451] Space 5, part 5 has been added, asLearner 0
I20230322 13:47:42.574970    63 NebulaStore.cpp:451] Space 5, part 4 has been added, asLearner 0
I20230322 13:47:42.577716    63 NebulaStore.cpp:451] Space 5, part 9 has been added, asLearner 0
I20230322 13:47:42.580682    63 NebulaStore.cpp:451] Space 5, part 10 has been added, asLearner 0
I20230322 13:47:42.583675    63 NebulaStore.cpp:451] Space 5, part 8 has been added, asLearner 0
I20230322 13:47:42.586445    63 NebulaStore.cpp:451] Space 5, part 7 has been added, asLearner 0
I20230322 13:47:42.589373    63 NebulaStore.cpp:451] Space 5, part 6 has been added, asLearner 0
I20230322 13:47:42.591681    63 Part.cpp:490] [Port: 9780, Space: 3, Part: 2] Clean rocksdb part data
I20230322 13:47:42.592644    63 NebulaStore.cpp:565] Space 3, part 2 has been removed!
I20230322 13:47:42.594542    63 Part.cpp:490] [Port: 9780, Space: 3, Part: 1] Clean rocksdb part data
I20230322 13:47:42.595403    63 NebulaStore.cpp:565] Space 3, part 1 has been removed!
I20230322 13:47:42.597724    63 Part.cpp:490] [Port: 9780, Space: 3, Part: 3] Clean rocksdb part data
I20230322 13:47:42.598657    63 NebulaStore.cpp:565] Space 3, part 3 has been removed!
I20230322 13:47:42.600744    63 Part.cpp:490] [Port: 9780, Space: 3, Part: 5] Clean rocksdb part data
I20230322 13:47:42.601660    63 NebulaStore.cpp:565] Space 3, part 5 has been removed!
I20230322 13:47:42.603555    63 Part.cpp:490] [Port: 9780, Space: 3, Part: 4] Clean rocksdb part data
I20230322 13:47:42.604415    63 NebulaStore.cpp:565] Space 3, part 4 has been removed!
I20230322 13:47:42.606115    63 Part.cpp:490] [Port: 9780, Space: 3, Part: 9] Clean rocksdb part data
I20230322 13:47:42.607009    63 NebulaStore.cpp:565] Space 3, part 9 has been removed!
I20230322 13:47:42.608752    63 Part.cpp:490] [Port: 9780, Space: 3, Part: 10] Clean rocksdb part data
I20230322 13:47:42.609872    63 NebulaStore.cpp:565] Space 3, part 10 has been removed!
I20230322 13:47:42.611670    63 Part.cpp:490] [Port: 9780, Space: 3, Part: 8] Clean rocksdb part data
I20230322 13:47:42.612529    63 NebulaStore.cpp:565] Space 3, part 8 has been removed!
I20230322 13:47:42.614333    63 Part.cpp:490] [Port: 9780, Space: 3, Part: 7] Clean rocksdb part data
I20230322 13:47:42.615231    63 NebulaStore.cpp:565] Space 3, part 7 has been removed!
I20230322 13:47:42.617000    63 Part.cpp:490] [Port: 9780, Space: 3, Part: 6] Clean rocksdb part data
I20230322 13:47:42.618125    63 NebulaStore.cpp:565] Space 3, part 6 has been removed!
I20230322 13:47:42.618685    63 RocksEngine.h:206] Release rocksdb on /data/storage/nebula/3
I20230322 13:47:42.621277    63 NebulaStore.cpp:708] Try to remove space directory: /data/storage/nebula/3
I20230322 13:47:42.634356    63 NebulaStore.cpp:710] Space directory removed: /data/storage/nebula/3
I20230322 13:47:42.634805    63 NebulaStore.cpp:526] Data space 3 has been removed!
I20230322 13:47:47.879531    66 Part.h:59] [Port: 9780, Space: 3, Part: 2] ~Part()
I20230322 13:47:48.249262    67 Part.h:59] [Port: 9780, Space: 3, Part: 7] ~Part()
I20230322 13:47:48.789286    64 Part.h:59] [Port: 9780, Space: 3, Part: 6] ~Part()
I20230322 13:47:48.813714    66 Part.h:59] [Port: 9780, Space: 3, Part: 1] ~Part()
I20230322 13:47:49.002796    65 Part.h:59] [Port: 9780, Space: 3, Part: 5] ~Part()
I20230322 13:47:49.046870    67 Part.h:59] [Port: 9780, Space: 3, Part: 4] ~Part()
I20230322 13:47:49.071127    65 Part.h:59] [Port: 9780, Space: 3, Part: 3] ~Part()
I20230322 13:47:49.198109    64 Part.h:59] [Port: 9780, Space: 3, Part: 9] ~Part()
I20230322 13:47:49.299399    66 Part.h:59] [Port: 9780, Space: 3, Part: 10] ~Part()
I20230322 13:47:49.688762    67 Part.h:59] [Port: 9780, Space: 3, Part: 8] ~Part()
I20230322 13:47:52.683017    63 MetaClient.cpp:3259] Load leader of "storaged0":9779 in 1 space
I20230322 13:47:52.685171    63 MetaClient.cpp:3265] Load leader ok
I20230322 13:48:02.703763    63 MetaClient.cpp:3259] Load leader of "storaged0":9779 in 1 space
I20230322 13:48:02.705027    63 MetaClient.cpp:3265] Load leader ok
I20230322 13:48:22.748844    63 MetaClient.cpp:3259] Load leader of "storaged0":9779 in 1 space
I20230322 13:48:22.750833    63 MetaClient.cpp:3265] Load leader ok
I20230322 13:48:42.794487    63 MetaClient.cpp:3259] Load leader of "storaged0":9779 in 1 space
I20230322 13:48:42.796029    63 MetaClient.cpp:3265] Load leader ok
I20230322 13:48:44.882016    27 AdminTask.cpp:21] createAdminTask (6, 0)
I20230322 13:48:44.883751    27 AdminTaskManager.cpp:155] enqueue task(6, 0)
I20230322 13:48:44.883781   103 AdminTaskManager.cpp:236] dequeue task(6, 0)
I20230322 13:48:44.885028   103 AdminTaskManager.cpp:279] run task(6, 0), 10 subtasks in 10 thread
I20230322 13:48:44.885612   335 StatsTask.cpp:110] Start stats task
I20230322 13:48:44.885681   336 StatsTask.cpp:110] Start stats task
I20230322 13:48:44.886775   336 StatsTask.cpp:307] Stats task finished
I20230322 13:48:44.885713   338 StatsTask.cpp:110] Start stats task
I20230322 13:48:44.885784   341 StatsTask.cpp:110] Start stats task
I20230322 13:48:44.888749   341 StatsTask.cpp:307] Stats task finished
I20230322 13:48:44.885809   342 StatsTask.cpp:110] Start stats task
I20230322 13:48:44.885836   340 StatsTask.cpp:110] Start stats task
I20230322 13:48:44.885838   103 AdminTaskManager.cpp:224] waiting for incoming task
I20230322 13:48:44.885874   343 StatsTask.cpp:110] Start stats task
I20230322 13:48:44.885897   344 StatsTask.cpp:110] Start stats task
I20230322 13:48:44.886289   335 StatsTask.cpp:307] Stats task finished
I20230322 13:48:44.885711   337 StatsTask.cpp:110] Start stats task
I20230322 13:48:44.887311   336 AdminTaskManager.cpp:315] subtask of task(6, 0) finished, unfinished task 9
I20230322 13:48:44.887899   338 StatsTask.cpp:307] Stats task finished
I20230322 13:48:44.894735   338 AdminTaskManager.cpp:315] subtask of task(6, 0) finished, unfinished task 6
I20230322 13:48:44.889444   341 AdminTaskManager.cpp:315] subtask of task(6, 0) finished, unfinished task 8
I20230322 13:48:44.890050   342 StatsTask.cpp:307] Stats task finished
I20230322 13:48:44.890923   340 StatsTask.cpp:307] Stats task finished
I20230322 13:48:44.897065   340 AdminTaskManager.cpp:315] subtask of task(6, 0) finished, unfinished task 4
I20230322 13:48:44.892645   344 StatsTask.cpp:307] Stats task finished
I20230322 13:48:44.898049   344 AdminTaskManager.cpp:315] subtask of task(6, 0) finished, unfinished task 3
I20230322 13:48:44.893774   337 StatsTask.cpp:307] Stats task finished
I20230322 13:48:44.885789   339 StatsTask.cpp:110] Start stats task
I20230322 13:48:44.896209   342 AdminTaskManager.cpp:315] subtask of task(6, 0) finished, unfinished task 5
I20230322 13:48:44.892127   343 StatsTask.cpp:307] Stats task finished
I20230322 13:48:44.901232   343 AdminTaskManager.cpp:315] subtask of task(6, 0) finished, unfinished task 1
I20230322 13:48:44.899242   337 AdminTaskManager.cpp:315] subtask of task(6, 0) finished, unfinished task 2
I20230322 13:48:44.899830   339 StatsTask.cpp:307] Stats task finished
I20230322 13:48:44.903241   339 AdminTaskManager.cpp:315] subtask of task(6, 0) finished, unfinished task 0
I20230322 13:48:44.903851   339 StatsTask.cpp:312] task(6, 0) finished, rc=[SUCCEEDED]
I20230322 13:48:44.893224   335 AdminTaskManager.cpp:315] subtask of task(6, 0) finished, unfinished task 7
I20230322 13:48:44.905426   335 AdminTaskManager.cpp:294] task(6, 0) runSubTask() exit
I20230322 13:48:44.905246   338 AdminTaskManager.cpp:326] task(6, 0) runSubTask() exit
I20230322 13:48:44.905344   104 AdminTaskManager.cpp:92] reportTaskFinish(), job=6, task=0, rc=SUCCEEDED
I20230322 13:48:44.907702   340 AdminTaskManager.cpp:326] task(6, 0) runSubTask() exit
I20230322 13:48:44.905783   341 AdminTaskManager.cpp:326] task(6, 0) runSubTask() exit
I20230322 13:48:44.904352   336 AdminTaskManager.cpp:326] task(6, 0) runSubTask() exit
I20230322 13:48:44.908636   344 AdminTaskManager.cpp:326] task(6, 0) runSubTask() exit
I20230322 13:48:44.910719   342 AdminTaskManager.cpp:326] task(6, 0) runSubTask() exit
I20230322 13:48:44.911904   343 AdminTaskManager.cpp:326] task(6, 0) runSubTask() exit
I20230322 13:48:44.912477   337 AdminTaskManager.cpp:326] task(6, 0) runSubTask() exit
I20230322 13:48:44.914222   104 AdminTaskManager.cpp:134] reportTaskFinish(), job=6, task=0, rc=SUCCEEDED
I20230322 13:52:13.154474    63 MetaClient.cpp:3259] Load leader of "storaged0":9779 in 0 space
I20230322 13:52:13.157346    63 MetaClient.cpp:3265] Load leader ok
I20230322 13:52:13.168480    63 Part.cpp:490] [Port: 9780, Space: 5, Part: 2] Clean rocksdb part data
I20230322 13:52:13.171808    63 NebulaStore.cpp:565] Space 5, part 2 has been removed!
I20230322 13:52:13.178544    63 Part.cpp:490] [Port: 9780, Space: 5, Part: 1] Clean rocksdb part data
I20230322 13:52:13.181104    63 NebulaStore.cpp:565] Space 5, part 1 has been removed!
I20230322 13:52:13.186190    63 Part.cpp:490] [Port: 9780, Space: 5, Part: 3] Clean rocksdb part data
I20230322 13:52:13.187683    63 NebulaStore.cpp:565] Space 5, part 3 has been removed!
I20230322 13:52:13.191020    63 Part.cpp:490] [Port: 9780, Space: 5, Part: 5] Clean rocksdb part data
I20230322 13:52:13.192709    63 NebulaStore.cpp:565] Space 5, part 5 has been removed!
I20230322 13:52:13.196156    63 Part.cpp:490] [Port: 9780, Space: 5, Part: 4] Clean rocksdb part data
I20230322 13:52:13.197873    63 NebulaStore.cpp:565] Space 5, part 4 has been removed!
I20230322 13:52:13.200639    63 Part.cpp:490] [Port: 9780, Space: 5, Part: 9] Clean rocksdb part data
I20230322 13:52:13.202013    63 NebulaStore.cpp:565] Space 5, part 9 has been removed!
I20230322 13:52:13.204862    63 Part.cpp:490] [Port: 9780, Space: 5, Part: 10] Clean rocksdb part data
I20230322 13:52:13.207037    63 NebulaStore.cpp:565] Space 5, part 10 has been removed!
I20230322 13:52:13.210867    63 Part.cpp:490] [Port: 9780, Space: 5, Part: 8] Clean rocksdb part data
I20230322 13:52:13.212277    63 NebulaStore.cpp:565] Space 5, part 8 has been removed!
I20230322 13:52:13.214881    63 Part.cpp:490] [Port: 9780, Space: 5, Part: 7] Clean rocksdb part data
I20230322 13:52:13.216054    63 NebulaStore.cpp:565] Space 5, part 7 has been removed!
I20230322 13:52:13.218464    63 Part.cpp:490] [Port: 9780, Space: 5, Part: 6] Clean rocksdb part data
I20230322 13:52:13.219642    63 NebulaStore.cpp:565] Space 5, part 6 has been removed!
I20230322 13:52:13.220316    63 RocksEngine.h:206] Release rocksdb on /data/storage/nebula/5
I20230322 13:52:13.223943    63 NebulaStore.cpp:708] Try to remove space directory: /data/storage/nebula/5
I20230322 13:52:13.241350    63 NebulaStore.cpp:710] Space directory removed: /data/storage/nebula/5
I20230322 13:52:13.242122    63 NebulaStore.cpp:526] Data space 5 has been removed!
I20230322 13:52:17.635043    66 Part.h:59] [Port: 9780, Space: 5, Part: 6] ~Part()
I20230322 13:52:18.836540    67 Part.h:59] [Port: 9780, Space: 5, Part: 9] ~Part()
I20230322 13:52:19.480479    65 Part.h:59] [Port: 9780, Space: 5, Part: 2] ~Part()
I20230322 13:52:19.501165    64 Part.h:59] [Port: 9780, Space: 5, Part: 1] ~Part()
I20230322 13:52:19.654264    66 Part.h:59] [Port: 9780, Space: 5, Part: 8] ~Part()
I20230322 13:52:20.089445    67 Part.h:59] [Port: 9780, Space: 5, Part: 10] ~Part()
I20230322 13:52:20.130723    65 Part.h:59] [Port: 9780, Space: 5, Part: 7] ~Part()
I20230322 13:52:20.217818    64 Part.h:59] [Port: 9780, Space: 5, Part: 3] ~Part()
I20230322 13:52:20.662220    66 Part.h:59] [Port: 9780, Space: 5, Part: 5] ~Part()
I20230322 13:52:21.404161    67 Part.h:59] [Port: 9780, Space: 5, Part: 4] ~Part()
I20230322 13:52:23.278199    63 MetaClient.cpp:3259] Load leader of "storaged0":9779 in 0 space
I20230322 13:52:23.280273    63 MetaClient.cpp:3265] Load leader ok
I20230322 13:52:23.282352    63 NebulaStore.cpp:388] Create data space 7
I20230322 13:52:23.292776    63 RocksEngineConfig.cpp:371] Emplace rocksdb option max_bytes_for_level_base=268435456
I20230322 13:52:23.294006    63 RocksEngineConfig.cpp:371] Emplace rocksdb option max_write_buffer_number=4
I20230322 13:52:23.295195    63 RocksEngineConfig.cpp:371] Emplace rocksdb option write_buffer_size=67108864
I20230322 13:52:23.296999    63 RocksEngineConfig.cpp:371] Emplace rocksdb option block_size=8192
I20230322 13:52:23.338300    63 RocksEngine.cpp:107] open rocksdb on /data/storage/nebula/7/data
I20230322 13:52:23.342624    63 NebulaStore.cpp:451] Space 7, part 2 has been added, asLearner 0
I20230322 13:52:23.345381    63 NebulaStore.cpp:451] Space 7, part 1 has been added, asLearner 0
I20230322 13:52:23.348193    63 NebulaStore.cpp:451] Space 7, part 3 has been added, asLearner 0
I20230322 13:52:23.351148    63 NebulaStore.cpp:451] Space 7, part 5 has been added, asLearner 0
I20230322 13:52:23.353930    63 NebulaStore.cpp:451] Space 7, part 4 has been added, asLearner 0
I20230322 13:52:23.356796    63 NebulaStore.cpp:451] Space 7, part 9 has been added, asLearner 0
I20230322 13:52:23.359656    63 NebulaStore.cpp:451] Space 7, part 10 has been added, asLearner 0
I20230322 13:52:23.362536    63 NebulaStore.cpp:451] Space 7, part 8 has been added, asLearner 0
I20230322 13:52:23.365535    63 NebulaStore.cpp:451] Space 7, part 7 has been added, asLearner 0
I20230322 13:52:23.368321    63 NebulaStore.cpp:451] Space 7, part 6 has been added, asLearner 0
I20230322 13:52:33.407928    63 MetaClient.cpp:3259] Load leader of "storaged0":9779 in 1 space
I20230322 13:52:33.412221    63 MetaClient.cpp:3265] Load leader ok
I20230322 13:52:43.456557    63 MetaClient.cpp:3259] Load leader of "storaged0":9779 in 1 space
I20230322 13:52:43.459251    63 MetaClient.cpp:3265] Load leader ok
I20230322 13:53:03.516397    63 MetaClient.cpp:3259] Load leader of "storaged0":9779 in 1 space
I20230322 13:53:03.519819    63 MetaClient.cpp:3265] Load leader ok
I20230322 13:53:20.644925    27 AdminTask.cpp:21] createAdminTask (8, 0)
I20230322 13:53:20.647328    27 AdminTaskManager.cpp:155] enqueue task(8, 0)
I20230322 13:53:20.647361   103 AdminTaskManager.cpp:236] dequeue task(8, 0)
I20230322 13:53:20.649088   103 AdminTaskManager.cpp:279] run task(8, 0), 10 subtasks in 10 thread
I20230322 13:53:20.649816   335 StatsTask.cpp:110] Start stats task
I20230322 13:53:20.649861   336 StatsTask.cpp:110] Start stats task
I20230322 13:53:20.649930   337 StatsTask.cpp:110] Start stats task
I20230322 13:53:20.649964   339 StatsTask.cpp:110] Start stats task
I20230322 13:53:20.650002   338 StatsTask.cpp:110] Start stats task
I20230322 13:53:20.650055   340 StatsTask.cpp:110] Start stats task
I20230322 13:53:20.650082   342 StatsTask.cpp:110] Start stats task
I20230322 13:53:20.650086   341 StatsTask.cpp:110] Start stats task
I20230322 13:53:20.650154   103 AdminTaskManager.cpp:224] waiting for incoming task
I20230322 13:53:20.650190   343 StatsTask.cpp:110] Start stats task
I20230322 13:53:20.650213   344 StatsTask.cpp:110] Start stats task
I20230322 13:53:20.650866   335 StatsTask.cpp:307] Stats task finished
I20230322 13:53:20.657611   335 AdminTaskManager.cpp:315] subtask of task(8, 0) finished, unfinished task 9
I20230322 13:53:20.652235   337 StatsTask.cpp:307] Stats task finished
I20230322 13:53:20.658799   337 AdminTaskManager.cpp:315] subtask of task(8, 0) finished, unfinished task 8
I20230322 13:53:20.653304   338 StatsTask.cpp:307] Stats task finished
I20230322 13:53:20.659930   338 AdminTaskManager.cpp:315] subtask of task(8, 0) finished, unfinished task 7
I20230322 13:53:20.654362   342 StatsTask.cpp:307] Stats task finished
I20230322 13:53:20.661059   342 AdminTaskManager.cpp:315] subtask of task(8, 0) finished, unfinished task 6
I20230322 13:53:20.656417   343 StatsTask.cpp:307] Stats task finished
I20230322 13:53:20.662204   343 AdminTaskManager.cpp:315] subtask of task(8, 0) finished, unfinished task 5
I20230322 13:53:20.651521   336 StatsTask.cpp:307] Stats task finished
I20230322 13:53:20.663308   336 AdminTaskManager.cpp:315] subtask of task(8, 0) finished, unfinished task 4
I20230322 13:53:20.653825   340 StatsTask.cpp:307] Stats task finished
I20230322 13:53:20.664399   340 AdminTaskManager.cpp:315] subtask of task(8, 0) finished, unfinished task 3
I20230322 13:53:20.657100   344 StatsTask.cpp:307] Stats task finished
I20230322 13:53:20.665436   344 AdminTaskManager.cpp:315] subtask of task(8, 0) finished, unfinished task 2
I20230322 13:53:20.655200   341 StatsTask.cpp:307] Stats task finished
I20230322 13:53:20.666379   341 AdminTaskManager.cpp:315] subtask of task(8, 0) finished, unfinished task 1
I20230322 13:53:20.652742   339 StatsTask.cpp:307] Stats task finished
I20230322 13:53:20.667251   339 AdminTaskManager.cpp:315] subtask of task(8, 0) finished, unfinished task 0
I20230322 13:53:20.667687   339 StatsTask.cpp:312] task(8, 0) finished, rc=[SUCCEEDED]
I20230322 13:53:20.668242   335 AdminTaskManager.cpp:326] task(8, 0) runSubTask() exit
I20230322 13:53:20.668685   104 AdminTaskManager.cpp:92] reportTaskFinish(), job=8, task=0, rc=SUCCEEDED
I20230322 13:53:20.669526   337 AdminTaskManager.cpp:326] task(8, 0) runSubTask() exit
I20230322 13:53:20.670589   338 AdminTaskManager.cpp:326] task(8, 0) runSubTask() exit
I20230322 13:53:20.671773   342 AdminTaskManager.cpp:326] task(8, 0) runSubTask() exit
I20230322 13:53:20.672844   343 AdminTaskManager.cpp:326] task(8, 0) runSubTask() exit
I20230322 13:53:20.673920   336 AdminTaskManager.cpp:326] task(8, 0) runSubTask() exit
I20230322 13:53:20.674400   104 AdminTaskManager.cpp:134] reportTaskFinish(), job=8, task=0, rc=SUCCEEDED
I20230322 13:53:20.674989   340 AdminTaskManager.cpp:326] task(8, 0) runSubTask() exit
I20230322 13:53:20.675961   344 AdminTaskManager.cpp:326] task(8, 0) runSubTask() exit
I20230322 13:53:20.676925   341 AdminTaskManager.cpp:326] task(8, 0) runSubTask() exit
I20230322 13:53:23.562731    63 MetaClient.cpp:3259] Load leader of "storaged0":9779 in 1 space
I20230322 13:53:23.565348    63 MetaClient.cpp:3265] Load leader ok
I20230322 13:56:53.803731     1 StorageDaemon.cpp:201] Signal 15(Terminated) received, stopping this server
I20230322 13:56:53.808017     1 NebulaStore.cpp:323] Stop the raft service...
I20230322 13:56:53.809276     1 RaftexService.cpp:67] Stopping the raftex service on port 9780
I20230322 13:56:53.810699     1 RaftexService.cpp:77] All partitions have stopped
I20230322 13:56:53.812151     1 NebulaStore.cpp:326] Stop kv engine...
I20230322 13:56:53.835435     1 AdminTaskManager.cpp:176] enter AdminTaskManager::shutdown()
I20230322 13:56:53.836320   104 AdminTaskManager.cpp:146] Unreported-Admin-Thread stopped
I20230322 13:56:53.854549   103 AdminTaskManager.cpp:231] detect AdminTaskManager::shutdown()
I20230322 13:56:53.857200     1 RocksEngine.h:206] Release rocksdb on /data/storage/nebula/0
I20230322 13:56:53.864284     1 AdminTaskManager.cpp:193] exit AdminTaskManager::shutdown()
I20230322 13:56:53.867774     1 NebulaStore.cpp:323] Stop the raft service...
I20230322 13:56:53.868703     1 RaftexService.cpp:67] Stopping the raftex service on port 9780
I20230322 13:56:53.869253     1 RaftexService.cpp:77] All partitions have stopped
I20230322 13:56:53.869747     1 NebulaStore.cpp:326] Stop kv engine...
I20230322 13:56:53.870254     1 NebulaStore.cpp:40] Cut off the relationship with meta client
I20230322 13:56:53.871346     1 Part.h:59] [Port: 9780, Space: 7, Part: 6] ~Part()
I20230322 13:56:53.872413     1 Part.h:59] [Port: 9780, Space: 7, Part: 7] ~Part()
I20230322 13:56:53.873415     1 Part.h:59] [Port: 9780, Space: 7, Part: 8] ~Part()
I20230322 13:56:53.874491     1 Part.h:59] [Port: 9780, Space: 7, Part: 10] ~Part()
I20230322 13:56:53.875381     1 Part.h:59] [Port: 9780, Space: 7, Part: 9] ~Part()
I20230322 13:56:53.876305     1 Part.h:59] [Port: 9780, Space: 7, Part: 1] ~Part()
I20230322 13:56:53.877226     1 Part.h:59] [Port: 9780, Space: 7, Part: 2] ~Part()
I20230322 13:56:53.878139     1 Part.h:59] [Port: 9780, Space: 7, Part: 3] ~Part()
I20230322 13:56:53.879565     1 Part.h:59] [Port: 9780, Space: 7, Part: 5] ~Part()
I20230322 13:56:53.880870     1 Part.h:59] [Port: 9780, Space: 7, Part: 4] ~Part()
I20230322 13:56:53.882048     1 RocksEngine.h:206] Release rocksdb on /data/storage/nebula/7
I20230322 13:56:53.885298     1 NebulaStore.cpp:48] ~NebulaStore()
I20230322 13:56:53.886085     1 StorageDaemon.cpp:186] The storage Daemon stopped
I20230322 13:56:53.894335     1 StatsTask.h:27] Release Stats Task
I20230322 13:56:53.895493     1 StatsTask.h:27] Release Stats Task
I20230322 13:56:53.896155     1 StatsTask.h:27] Release Stats Task
